{
  "version": "1.5.0",
  "plugins_used": [
    {
      "name": "ArtifactoryDetector"
    },
    {
      "name": "AWSKeyDetector"
    },
    {
      "name": "AzureStorageKeyDetector"
    },
    {
      "name": "Base64HighEntropyString",
      "limit": 4.5
    },
    {
      "name": "BasicAuthDetector"
    },
    {
      "name": "CloudantDetector"
    },
    {
      "name": "DiscordBotTokenDetector"
    },
    {
      "name": "GitHubTokenDetector"
    },
    {
      "name": "GitLabTokenDetector"
    },
    {
      "name": "HexHighEntropyString",
      "limit": 3.0
    },
    {
      "name": "IbmCloudIamDetector"
    },
    {
      "name": "IbmCosHmacDetector"
    },
    {
      "name": "IPPublicDetector"
    },
    {
      "name": "JwtTokenDetector"
    },
    {
      "name": "KeywordDetector",
      "keyword_exclude": ""
    },
    {
      "name": "MailchimpDetector"
    },
    {
      "name": "NpmDetector"
    },
    {
      "name": "OpenAIDetector"
    },
    {
      "name": "PrivateKeyDetector"
    },
    {
      "name": "PypiTokenDetector"
    },
    {
      "name": "SendGridDetector"
    },
    {
      "name": "SlackDetector"
    },
    {
      "name": "SoftlayerDetector"
    },
    {
      "name": "SquareOAuthDetector"
    },
    {
      "name": "StripeDetector"
    },
    {
      "name": "TelegramBotTokenDetector"
    },
    {
      "name": "TwilioKeyDetector"
    }
  ],
  "filters_used": [
    {
      "path": "detect_secrets.filters.allowlist.is_line_allowlisted"
    },
    {
      "path": "detect_secrets.filters.common.is_baseline_file",
      "filename": ".secrets.baseline"
    },
    {
      "path": "detect_secrets.filters.common.is_ignored_due_to_verification_policies",
      "min_level": 2
    },
    {
      "path": "detect_secrets.filters.heuristic.is_indirect_reference"
    },
    {
      "path": "detect_secrets.filters.heuristic.is_likely_id_string"
    },
    {
      "path": "detect_secrets.filters.heuristic.is_lock_file"
    },
    {
      "path": "detect_secrets.filters.heuristic.is_not_alphanumeric_string"
    },
    {
      "path": "detect_secrets.filters.heuristic.is_potential_uuid"
    },
    {
      "path": "detect_secrets.filters.heuristic.is_prefixed_with_dollar_sign"
    },
    {
      "path": "detect_secrets.filters.heuristic.is_sequential_string"
    },
    {
      "path": "detect_secrets.filters.heuristic.is_swagger_file"
    },
    {
      "path": "detect_secrets.filters.heuristic.is_templated_secret"
    }
  ],
  "results": {
    "web\\pnpm-lock.yaml": [
      {
        "type": "Base64 High Entropy String",
        "filename": "web\\pnpm-lock.yaml",
        "hashed_secret": "6307306cd200cc909038e539287d52b9278b4c07",
        "is_verified": false,
        "line_number": 94
      },
      {
        "type": "Base64 High Entropy String",
        "filename": "web\\pnpm-lock.yaml",
        "hashed_secret": "f46a8d22e97e7fb677deed4120efefc58359df98",
        "is_verified": false,
        "line_number": 98
      },
      {
        "type": "Base64 High Entropy String",
        "filename": "web\\pnpm-lock.yaml",
        "hashed_secret": "b46f594dfd11fa8017921fd064b65d8641b85555",
        "is_verified": false,
        "line_number": 102
      },
      {
        "type": "Base64 High Entropy String",
        "filename": "web\\pnpm-lock.yaml",
        "hashed_secret": "df4ed24356e7fc85ece12773e32b1336f9e49221",
        "is_verified": false,
        "line_number": 106
      },
      {
        "type": "Base64 High Entropy String",
        "filename": "web\\pnpm-lock.yaml",
        "hashed_secret": "6f54e5f3cff0558a333012cb18a2f7704a4a694f",
        "is_verified": false,
        "line_number": 109
      },
      {
        "type": "Base64 High Entropy String",
        "filename": "web\\pnpm-lock.yaml",
        "hashed_secret": "c3056715d6375ab9398baaf6907e8cfea57bcbbb",
        "is_verified": false,
        "line_number": 113
      },
      {
        "type": "Base64 High Entropy String",
        "filename": "web\\pnpm-lock.yaml",
        "hashed_secret": "6a1911189662b59023c6d2d6d4e1fbc01421b619",
        "is_verified": false,
        "line_number": 117
      },
      {
        "type": "Base64 High Entropy String",
        "filename": "web\\pnpm-lock.yaml",
        "hashed_secret": "ed1addc866563fc8c15dbf5f211b2b9a8ed125da",
        "is_verified": false,
        "line_number": 121
      },
      {
        "type": "Base64 High Entropy String",
        "filename": "web\\pnpm-lock.yaml",
        "hashed_secret": "358d94c79d1fe9e2ad5a07f5d690231fec1c79ef",
        "is_verified": false,
        "line_number": 126
      },
      {
        "type": "Base64 High Entropy String",
        "filename": "web\\pnpm-lock.yaml",
        "hashed_secret": "e498b588b82623a989bc184233b01bd904b0ffe8",
        "is_verified": false,
        "line_number": 130
      },
      {
        "type": "Base64 High Entropy String",
        "filename": "web\\pnpm-lock.yaml",
        "hashed_secret": "7d7265c14f25bcb7ebc47e6f6e8c2d66d5427ee1",
        "is_verified": false,
        "line_number": 134
      },
      {
        "type": "Base64 High Entropy String",
        "filename": "web\\pnpm-lock.yaml",
        "hashed_secret": "045fa90493323aefbcb99fc0091ea8cc66634944",
        "is_verified": false,
        "line_number": 138
      },
      {
        "type": "Base64 High Entropy String",
        "filename": "web\\pnpm-lock.yaml",
        "hashed_secret": "3bf91884432c606fc6f267319ef72663a53727ef",
        "is_verified": false,
        "line_number": 145
      },
      {
        "type": "Base64 High Entropy String",
        "filename": "web\\pnpm-lock.yaml",
        "hashed_secret": "09404efe0c697675f28ac49e2df4736fb4ba6614",
        "is_verified": false,
        "line_number": 152
      },
      {
        "type": "Base64 High Entropy String",
        "filename": "web\\pnpm-lock.yaml",
        "hashed_secret": "15d60609e2958c77b908bf19adc8375b71abee15",
        "is_verified": false,
        "line_number": 158
      },
      {
        "type": "Base64 High Entropy String",
        "filename": "web\\pnpm-lock.yaml",
        "hashed_secret": "6458cb491193acf3fd23e2431345406d864182a8",
        "is_verified": false,
        "line_number": 166
      },
      {
        "type": "Base64 High Entropy String",
        "filename": "web\\pnpm-lock.yaml",
        "hashed_secret": "acef8b74afa989b49695377cef559e36199c0a99",
        "is_verified": false,
        "line_number": 170
      },
      {
        "type": "Base64 High Entropy String",
        "filename": "web\\pnpm-lock.yaml",
        "hashed_secret": "e5993e4e8ae0bf5a822bcd1ca89b2af0543509c8",
        "is_verified": false,
        "line_number": 173
      },
      {
        "type": "Base64 High Entropy String",
        "filename": "web\\pnpm-lock.yaml",
        "hashed_secret": "3cc73e648f276dfd071b45f14733d8ba4e40e865",
        "is_verified": false,
        "line_number": 176
      },
      {
        "type": "Base64 High Entropy String",
        "filename": "web\\pnpm-lock.yaml",
        "hashed_secret": "711d0d08dd0431455e645968df8fa29c42a4a9c5",
        "is_verified": false,
        "line_number": 179
      },
      {
        "type": "Base64 High Entropy String",
        "filename": "web\\pnpm-lock.yaml",
        "hashed_secret": "084650d0f9abc897063087e20acc64429a4efcc8",
        "is_verified": false,
        "line_number": 185
      },
      {
        "type": "Base64 High Entropy String",
        "filename": "web\\pnpm-lock.yaml",
        "hashed_secret": "2d6ebc07e2b3736281e1ca15beb0ab551dde7521",
        "is_verified": false,
        "line_number": 191
      },
      {
        "type": "Base64 High Entropy String",
        "filename": "web\\pnpm-lock.yaml",
        "hashed_secret": "31828e8ec2f86567d6d2dbb1b93e913229d24629",
        "is_verified": false,
        "line_number": 197
      },
      {
        "type": "Base64 High Entropy String",
        "filename": "web\\pnpm-lock.yaml",
        "hashed_secret": "ceddd37e4d281851cbbdd81a68854e36c4895681",
        "is_verified": false,
        "line_number": 203
      },
      {
        "type": "Base64 High Entropy String",
        "filename": "web\\pnpm-lock.yaml",
        "hashed_secret": "b0706c2b3a060f163304ffc07e039b03b86bbb04",
        "is_verified": false,
        "line_number": 209
      },
      {
        "type": "Base64 High Entropy String",
        "filename": "web\\pnpm-lock.yaml",
        "hashed_secret": "5ee7ac14fae2ebabfd363ecacf90a4fd21e8c441",
        "is_verified": false,
        "line_number": 215
      },
      {
        "type": "Base64 High Entropy String",
        "filename": "web\\pnpm-lock.yaml",
        "hashed_secret": "f07b806de55b54609bad419439fdc3fd58861caf",
        "is_verified": false,
        "line_number": 221
      },
      {
        "type": "Base64 High Entropy String",
        "filename": "web\\pnpm-lock.yaml",
        "hashed_secret": "5b5368315623e9c8d659e2e3bf7ac12f364a89ef",
        "is_verified": false,
        "line_number": 227
      },
      {
        "type": "Base64 High Entropy String",
        "filename": "web\\pnpm-lock.yaml",
        "hashed_secret": "99225218f6627dce5354e67382d3d2daf639ae18",
        "is_verified": false,
        "line_number": 233
      },
      {
        "type": "Base64 High Entropy String",
        "filename": "web\\pnpm-lock.yaml",
        "hashed_secret": "2f3f1556334315faf09eaa628bbeb1a85caa426a",
        "is_verified": false,
        "line_number": 239
      },
      {
        "type": "Base64 High Entropy String",
        "filename": "web\\pnpm-lock.yaml",
        "hashed_secret": "b8cb33722aafadea6143d79ccd2120e56db48bf1",
        "is_verified": false,
        "line_number": 245
      },
      {
        "type": "Base64 High Entropy String",
        "filename": "web\\pnpm-lock.yaml",
        "hashed_secret": "91ba3445bfa455c798c53cdf57543c6c3142fd5e",
        "is_verified": false,
        "line_number": 251
      },
      {
        "type": "Base64 High Entropy String",
        "filename": "web\\pnpm-lock.yaml",
        "hashed_secret": "6d9da0310c50c64d242da7eafc7449a3cdaee933",
        "is_verified": false,
        "line_number": 257
      },
      {
        "type": "Base64 High Entropy String",
        "filename": "web\\pnpm-lock.yaml",
        "hashed_secret": "4b9ce77a0af4ef9b8ea58f5f632062e4ea3e4679",
        "is_verified": false,
        "line_number": 263
      },
      {
        "type": "Base64 High Entropy String",
        "filename": "web\\pnpm-lock.yaml",
        "hashed_secret": "782f4bea78e4f0ed1b4fadad3512035274551118",
        "is_verified": false,
        "line_number": 269
      },
      {
        "type": "Base64 High Entropy String",
        "filename": "web\\pnpm-lock.yaml",
        "hashed_secret": "1eb9d0f1d00314e063d9305abe05f61afd418b7e",
        "is_verified": false,
        "line_number": 275
      },
      {
        "type": "Base64 High Entropy String",
        "filename": "web\\pnpm-lock.yaml",
        "hashed_secret": "efd1dc077cc999c700d8ef35334457e04007594e",
        "is_verified": false,
        "line_number": 281
      },
      {
        "type": "Base64 High Entropy String",
        "filename": "web\\pnpm-lock.yaml",
        "hashed_secret": "53fa77c6f051e81cf0a6022feaa3f45f1c016b19",
        "is_verified": false,
        "line_number": 287
      },
      {
        "type": "Base64 High Entropy String",
        "filename": "web\\pnpm-lock.yaml",
        "hashed_secret": "24f74e7607ef88ddc5947d8664f3b5faf73e35a7",
        "is_verified": false,
        "line_number": 293
      },
      {
        "type": "Base64 High Entropy String",
        "filename": "web\\pnpm-lock.yaml",
        "hashed_secret": "36f2f349b96c7f1a54a2fbc80eadb6fe2ebe9b43",
        "is_verified": false,
        "line_number": 299
      },
      {
        "type": "Base64 High Entropy String",
        "filename": "web\\pnpm-lock.yaml",
        "hashed_secret": "d9104915a43d9ef72a78812c4421b36d03f6c5ed",
        "is_verified": false,
        "line_number": 305
      },
      {
        "type": "Base64 High Entropy String",
        "filename": "web\\pnpm-lock.yaml",
        "hashed_secret": "300790265f1aba856a110c4b2f77caab8a63d4ba",
        "is_verified": false,
        "line_number": 311
      },
      {
        "type": "Base64 High Entropy String",
        "filename": "web\\pnpm-lock.yaml",
        "hashed_secret": "db7affa11a781a18b484b1bbbeae7e92861357ac",
        "is_verified": false,
        "line_number": 317
      },
      {
        "type": "Base64 High Entropy String",
        "filename": "web\\pnpm-lock.yaml",
        "hashed_secret": "fcaf5e2b5a14774a44a709146abdc284e1b1f5ba",
        "is_verified": false,
        "line_number": 323
      },
      {
        "type": "Base64 High Entropy String",
        "filename": "web\\pnpm-lock.yaml",
        "hashed_secret": "0895d0ecd35fcb426ec0f9e03ebc979a6fde3f7d",
        "is_verified": false,
        "line_number": 329
      },
      {
        "type": "Base64 High Entropy String",
        "filename": "web\\pnpm-lock.yaml",
        "hashed_secret": "48526743fc9cc20ee0d650606e546b97383ba06c",
        "is_verified": false,
        "line_number": 335
      },
      {
        "type": "Base64 High Entropy String",
        "filename": "web\\pnpm-lock.yaml",
        "hashed_secret": "c623aa06523a4f1fa3fa7ab1df7db62b378b9432",
        "is_verified": false,
        "line_number": 344
      },
      {
        "type": "Base64 High Entropy String",
        "filename": "web\\pnpm-lock.yaml",
        "hashed_secret": "63bec2ac98d4c5fcc58ccf35344e251308f56cf9",
        "is_verified": false,
        "line_number": 347
      },
      {
        "type": "Base64 High Entropy String",
        "filename": "web\\pnpm-lock.yaml",
        "hashed_secret": "4792a7cb5f934441b51f39e719c89698cd8819b0",
        "is_verified": false,
        "line_number": 350
      },
      {
        "type": "Base64 High Entropy String",
        "filename": "web\\pnpm-lock.yaml",
        "hashed_secret": "ca6f086414d75e3fd108d7b3667e7d6e8d2f1b8c",
        "is_verified": false,
        "line_number": 353
      },
      {
        "type": "Base64 High Entropy String",
        "filename": "web\\pnpm-lock.yaml",
        "hashed_secret": "b7fcd86778c62aa4575bc7c5298250a389ce7e4d",
        "is_verified": false,
        "line_number": 356
      },
      {
        "type": "Base64 High Entropy String",
        "filename": "web\\pnpm-lock.yaml",
        "hashed_secret": "0272090e3b5aa6bbbbe21109bf80d232302b2962",
        "is_verified": false,
        "line_number": 360
      },
      {
        "type": "Base64 High Entropy String",
        "filename": "web\\pnpm-lock.yaml",
        "hashed_secret": "27c31e2cb565ad8b28e7ae829bd178b42d768ae7",
        "is_verified": false,
        "line_number": 364
      },
      {
        "type": "Base64 High Entropy String",
        "filename": "web\\pnpm-lock.yaml",
        "hashed_secret": "d695186a086a238b1356958dcc45b603287a3ce4",
        "is_verified": false,
        "line_number": 368
      },
      {
        "type": "Base64 High Entropy String",
        "filename": "web\\pnpm-lock.yaml",
        "hashed_secret": "b62ae999218390b924a5304938e497fd61ec4e66",
        "is_verified": false,
        "line_number": 372
      },
      {
        "type": "Base64 High Entropy String",
        "filename": "web\\pnpm-lock.yaml",
        "hashed_secret": "f60c00cacddf514ad090fbde7005d8721adc0b89",
        "is_verified": false,
        "line_number": 376
      },
      {
        "type": "Base64 High Entropy String",
        "filename": "web\\pnpm-lock.yaml",
        "hashed_secret": "14ac3697296e2c49906c591edf4b732c3b9a5beb",
        "is_verified": false,
        "line_number": 379
      },
      {
        "type": "Base64 High Entropy String",
        "filename": "web\\pnpm-lock.yaml",
        "hashed_secret": "996552c5d08eb4af8d517a95a7821adc8242b4d2",
        "is_verified": false,
        "line_number": 382
      },
      {
        "type": "Base64 High Entropy String",
        "filename": "web\\pnpm-lock.yaml",
        "hashed_secret": "9a1373fb8bc6343a2626079c5c977463daea3541",
        "is_verified": false,
        "line_number": 388
      },
      {
        "type": "Base64 High Entropy String",
        "filename": "web\\pnpm-lock.yaml",
        "hashed_secret": "e768776e74a3cb5645d538a9bd074c78e7fb52b3",
        "is_verified": false,
        "line_number": 392
      },
      {
        "type": "Base64 High Entropy String",
        "filename": "web\\pnpm-lock.yaml",
        "hashed_secret": "150a1608ffd7395d510860bc11f1b69b49ff015a",
        "is_verified": false,
        "line_number": 396
      },
      {
        "type": "Base64 High Entropy String",
        "filename": "web\\pnpm-lock.yaml",
        "hashed_secret": "62f152f6918651a85ff4774aeab5ae6fc176de61",
        "is_verified": false,
        "line_number": 400
      },
      {
        "type": "Base64 High Entropy String",
        "filename": "web\\pnpm-lock.yaml",
        "hashed_secret": "23f2e790f6d996d6f1a35fc95ee72567cebbfb03",
        "is_verified": false,
        "line_number": 403
      },
      {
        "type": "Base64 High Entropy String",
        "filename": "web\\pnpm-lock.yaml",
        "hashed_secret": "be7d5e1d7e0702f16328fcb878eed527100fefc1",
        "is_verified": false,
        "line_number": 406
      },
      {
        "type": "Base64 High Entropy String",
        "filename": "web\\pnpm-lock.yaml",
        "hashed_secret": "be9f24635e32f68141a9ae50e377a146bdc3fda5",
        "is_verified": false,
        "line_number": 411
      },
      {
        "type": "Base64 High Entropy String",
        "filename": "web\\pnpm-lock.yaml",
        "hashed_secret": "abff24d669cd04aa780de70ef36094e173d02fb0",
        "is_verified": false,
        "line_number": 415
      },
      {
        "type": "Base64 High Entropy String",
        "filename": "web\\pnpm-lock.yaml",
        "hashed_secret": "6919de58e846facec682b8a54d27ed31e065b677",
        "is_verified": false,
        "line_number": 419
      },
      {
        "type": "Base64 High Entropy String",
        "filename": "web\\pnpm-lock.yaml",
        "hashed_secret": "4668283c379136af8be2cea7a624b445054ccb99",
        "is_verified": false,
        "line_number": 422
      },
      {
        "type": "Base64 High Entropy String",
        "filename": "web\\pnpm-lock.yaml",
        "hashed_secret": "325aab043892f58cf1761912f9541abc24b4121b",
        "is_verified": false,
        "line_number": 425
      },
      {
        "type": "Base64 High Entropy String",
        "filename": "web\\pnpm-lock.yaml",
        "hashed_secret": "fc618972e1b470359c23cf21eac0554a523f7be7",
        "is_verified": false,
        "line_number": 429
      },
      {
        "type": "Base64 High Entropy String",
        "filename": "web\\pnpm-lock.yaml",
        "hashed_secret": "ef854907afba4b4e08a67e1f2753d2a0c20192f0",
        "is_verified": false,
        "line_number": 435
      },
      {
        "type": "Base64 High Entropy String",
        "filename": "web\\pnpm-lock.yaml",
        "hashed_secret": "4055fca07dbf54efcb96c444c336b35c43a951a3",
        "is_verified": false,
        "line_number": 439
      },
      {
        "type": "Base64 High Entropy String",
        "filename": "web\\pnpm-lock.yaml",
        "hashed_secret": "ad2bd623b88fbc78345d2a5ed71ae6dafff82b30",
        "is_verified": false,
        "line_number": 445
      },
      {
        "type": "Base64 High Entropy String",
        "filename": "web\\pnpm-lock.yaml",
        "hashed_secret": "73cb6853d161df96ce34eb0a9c35bd8c75e3f0d2",
        "is_verified": false,
        "line_number": 451
      },
      {
        "type": "Base64 High Entropy String",
        "filename": "web\\pnpm-lock.yaml",
        "hashed_secret": "3dc469ba5f2818db516bcc2823e84431c63b2b8b",
        "is_verified": false,
        "line_number": 457
      },
      {
        "type": "Base64 High Entropy String",
        "filename": "web\\pnpm-lock.yaml",
        "hashed_secret": "47812afd9a021fc16347ba74fb5808f799faf1a0",
        "is_verified": false,
        "line_number": 463
      },
      {
        "type": "Base64 High Entropy String",
        "filename": "web\\pnpm-lock.yaml",
        "hashed_secret": "90ee87ed71835629eb6774e6aefa3817fb4299eb",
        "is_verified": false,
        "line_number": 469
      },
      {
        "type": "Base64 High Entropy String",
        "filename": "web\\pnpm-lock.yaml",
        "hashed_secret": "d4f7a8267a3332c365bea5208ca5f4da40401b21",
        "is_verified": false,
        "line_number": 476
      },
      {
        "type": "Base64 High Entropy String",
        "filename": "web\\pnpm-lock.yaml",
        "hashed_secret": "db64a4b50c79e1b8b808acb54a69b9b34d3e5c02",
        "is_verified": false,
        "line_number": 483
      },
      {
        "type": "Base64 High Entropy String",
        "filename": "web\\pnpm-lock.yaml",
        "hashed_secret": "74c427ab07da62cd5e1d939862ea578acc68dfd5",
        "is_verified": false,
        "line_number": 490
      },
      {
        "type": "Base64 High Entropy String",
        "filename": "web\\pnpm-lock.yaml",
        "hashed_secret": "a4b04fdbcfca3c468d3d03c246770a07e64bcbf8",
        "is_verified": false,
        "line_number": 497
      },
      {
        "type": "Base64 High Entropy String",
        "filename": "web\\pnpm-lock.yaml",
        "hashed_secret": "d421f4cd18b257b034ce6dc9d05a0b4a374a9261",
        "is_verified": false,
        "line_number": 504
      },
      {
        "type": "Base64 High Entropy String",
        "filename": "web\\pnpm-lock.yaml",
        "hashed_secret": "e5268a7691d07ed82537a028e7d190253b434874",
        "is_verified": false,
        "line_number": 511
      },
      {
        "type": "Base64 High Entropy String",
        "filename": "web\\pnpm-lock.yaml",
        "hashed_secret": "1ea46541a52f137f44b0a3d3f538256d932c9476",
        "is_verified": false,
        "line_number": 517
      },
      {
        "type": "Base64 High Entropy String",
        "filename": "web\\pnpm-lock.yaml",
        "hashed_secret": "2e623b276852e3cafe8c1c62958e91b3aab8b17a",
        "is_verified": false,
        "line_number": 522
      },
      {
        "type": "Base64 High Entropy String",
        "filename": "web\\pnpm-lock.yaml",
        "hashed_secret": "0f7c305ce19072305f6856e17856f379cbb31147",
        "is_verified": false,
        "line_number": 528
      },
      {
        "type": "Base64 High Entropy String",
        "filename": "web\\pnpm-lock.yaml",
        "hashed_secret": "b0da61692236cf0f51dfca9bea5b058e6db2a173",
        "is_verified": false,
        "line_number": 534
      },
      {
        "type": "Base64 High Entropy String",
        "filename": "web\\pnpm-lock.yaml",
        "hashed_secret": "4ad2e22c90a04dbe9b52e86aedc7bed21251d61c",
        "is_verified": false,
        "line_number": 537
      },
      {
        "type": "Base64 High Entropy String",
        "filename": "web\\pnpm-lock.yaml",
        "hashed_secret": "92cd5db451b24eb8c285a9f9f76e98d381bf0003",
        "is_verified": false,
        "line_number": 542
      },
      {
        "type": "Base64 High Entropy String",
        "filename": "web\\pnpm-lock.yaml",
        "hashed_secret": "e37ec30fc96ab9673584934ff96619ba4670e485",
        "is_verified": false,
        "line_number": 547
      },
      {
        "type": "Base64 High Entropy String",
        "filename": "web\\pnpm-lock.yaml",
        "hashed_secret": "afe8b002efca853a7cd858a3b7eaee4eb5555c7b",
        "is_verified": false,
        "line_number": 552
      },
      {
        "type": "Base64 High Entropy String",
        "filename": "web\\pnpm-lock.yaml",
        "hashed_secret": "04fc90f9e78888cbb0bb4caff88b20e6b344eabf",
        "is_verified": false,
        "line_number": 557
      },
      {
        "type": "Base64 High Entropy String",
        "filename": "web\\pnpm-lock.yaml",
        "hashed_secret": "ffb0c72f1afaa13eb335d1eafbad5ec518106855",
        "is_verified": false,
        "line_number": 562
      },
      {
        "type": "Base64 High Entropy String",
        "filename": "web\\pnpm-lock.yaml",
        "hashed_secret": "62696eab83e3835386962cd9020dc08f54a9edbe",
        "is_verified": false,
        "line_number": 567
      },
      {
        "type": "Base64 High Entropy String",
        "filename": "web\\pnpm-lock.yaml",
        "hashed_secret": "b2ac3e5c0a10388437e2dff86a548e3931d10b54",
        "is_verified": false,
        "line_number": 573
      },
      {
        "type": "Base64 High Entropy String",
        "filename": "web\\pnpm-lock.yaml",
        "hashed_secret": "4636408931a7eeb202f34b8c8032456339adbfc0",
        "is_verified": false,
        "line_number": 579
      },
      {
        "type": "Base64 High Entropy String",
        "filename": "web\\pnpm-lock.yaml",
        "hashed_secret": "00bb7e382044ab079cf19f2dc194fe8d36d13469",
        "is_verified": false,
        "line_number": 585
      },
      {
        "type": "Base64 High Entropy String",
        "filename": "web\\pnpm-lock.yaml",
        "hashed_secret": "9a26bba954253e2ca5a40ad0ebf6e4c711f87b95",
        "is_verified": false,
        "line_number": 591
      },
      {
        "type": "Base64 High Entropy String",
        "filename": "web\\pnpm-lock.yaml",
        "hashed_secret": "8d39bbe155024bfbbec07e4429855b8adf1035de",
        "is_verified": false,
        "line_number": 597
      },
      {
        "type": "Base64 High Entropy String",
        "filename": "web\\pnpm-lock.yaml",
        "hashed_secret": "5488d96445df49dcfeea3b0a6f140fc3c684692d",
        "is_verified": false,
        "line_number": 603
      },
      {
        "type": "Base64 High Entropy String",
        "filename": "web\\pnpm-lock.yaml",
        "hashed_secret": "e49524636cf56b41324baab6f6b4ee9cf453a6eb",
        "is_verified": false,
        "line_number": 609
      },
      {
        "type": "Base64 High Entropy String",
        "filename": "web\\pnpm-lock.yaml",
        "hashed_secret": "390e1abd4a6061e5441ddd3926931ed5aac8f68a",
        "is_verified": false,
        "line_number": 615
      },
      {
        "type": "Base64 High Entropy String",
        "filename": "web\\pnpm-lock.yaml",
        "hashed_secret": "956a46e85e55a40f29ff012e5ff5cd9b1c99c552",
        "is_verified": false,
        "line_number": 621
      },
      {
        "type": "Base64 High Entropy String",
        "filename": "web\\pnpm-lock.yaml",
        "hashed_secret": "a63c59037cb17224dd43e1ec8ffbf6f6c14d235e",
        "is_verified": false,
        "line_number": 627
      },
      {
        "type": "Base64 High Entropy String",
        "filename": "web\\pnpm-lock.yaml",
        "hashed_secret": "ecabd0dc553da0013adc8236d00e634f17aa3f60",
        "is_verified": false,
        "line_number": 633
      },
      {
        "type": "Base64 High Entropy String",
        "filename": "web\\pnpm-lock.yaml",
        "hashed_secret": "f14357b4ff89933aba8198c7805bc6a9d72b334f",
        "is_verified": false,
        "line_number": 639
      },
      {
        "type": "Base64 High Entropy String",
        "filename": "web\\pnpm-lock.yaml",
        "hashed_secret": "e2deee5cfc7afede8abae3b5ed2768284753ecf4",
        "is_verified": false,
        "line_number": 645
      },
      {
        "type": "Base64 High Entropy String",
        "filename": "web\\pnpm-lock.yaml",
        "hashed_secret": "d981c3acded2ac9e47f17995f82c3a2ba59bcfb3",
        "is_verified": false,
        "line_number": 650
      },
      {
        "type": "Base64 High Entropy String",
        "filename": "web\\pnpm-lock.yaml",
        "hashed_secret": "7de0f11418a0ed4b9e430e1d1e94e57afcbc2bd8",
        "is_verified": false,
        "line_number": 655
      },
      {
        "type": "Base64 High Entropy String",
        "filename": "web\\pnpm-lock.yaml",
        "hashed_secret": "e8b6fbbeb52c80f19906e9a538e2bd1b7372bd4f",
        "is_verified": false,
        "line_number": 660
      },
      {
        "type": "Base64 High Entropy String",
        "filename": "web\\pnpm-lock.yaml",
        "hashed_secret": "8d8b127805d33be867df085df3084a03273e1ef2",
        "is_verified": false,
        "line_number": 665
      },
      {
        "type": "Base64 High Entropy String",
        "filename": "web\\pnpm-lock.yaml",
        "hashed_secret": "4088902fae0e5c44f76c222d10fe4df5c8777420",
        "is_verified": false,
        "line_number": 670
      },
      {
        "type": "Base64 High Entropy String",
        "filename": "web\\pnpm-lock.yaml",
        "hashed_secret": "1e9ff9fee5ad181d3f63618e0267e8ad42826e83",
        "is_verified": false,
        "line_number": 675
      },
      {
        "type": "Base64 High Entropy String",
        "filename": "web\\pnpm-lock.yaml",
        "hashed_secret": "5e43a811ad6a5e21c85b59575508aac432e6017d",
        "is_verified": false,
        "line_number": 678
      },
      {
        "type": "Base64 High Entropy String",
        "filename": "web\\pnpm-lock.yaml",
        "hashed_secret": "c5313a51bf67100deffc81d06a127a0cf1015163",
        "is_verified": false,
        "line_number": 681
      },
      {
        "type": "Base64 High Entropy String",
        "filename": "web\\pnpm-lock.yaml",
        "hashed_secret": "7739c7a36e8b5c9759887d54c3d3a252d017cb71",
        "is_verified": false,
        "line_number": 684
      },
      {
        "type": "Base64 High Entropy String",
        "filename": "web\\pnpm-lock.yaml",
        "hashed_secret": "d4dda0583372eb865e22ea00ae160ceb315aa0df",
        "is_verified": false,
        "line_number": 687
      },
      {
        "type": "Base64 High Entropy String",
        "filename": "web\\pnpm-lock.yaml",
        "hashed_secret": "fa52615bd39e56c7366b834e0c9b496bbb96f043",
        "is_verified": false,
        "line_number": 690
      },
      {
        "type": "Base64 High Entropy String",
        "filename": "web\\pnpm-lock.yaml",
        "hashed_secret": "2f3e95d4a332aae695a16e7dac76d62493df0704",
        "is_verified": false,
        "line_number": 693
      },
      {
        "type": "Base64 High Entropy String",
        "filename": "web\\pnpm-lock.yaml",
        "hashed_secret": "d0ea5605133f0e502d42e526db999ad3f99bf1cb",
        "is_verified": false,
        "line_number": 696
      },
      {
        "type": "Base64 High Entropy String",
        "filename": "web\\pnpm-lock.yaml",
        "hashed_secret": "4b71247a0a1153b33d71d778df9852df8fee1b58",
        "is_verified": false,
        "line_number": 699
      },
      {
        "type": "Base64 High Entropy String",
        "filename": "web\\pnpm-lock.yaml",
        "hashed_secret": "470f58e25b90ff2b0f388302d0e2a326f8e86f6b",
        "is_verified": false,
        "line_number": 702
      },
      {
        "type": "Base64 High Entropy String",
        "filename": "web\\pnpm-lock.yaml",
        "hashed_secret": "f63de47de5cd8f088f6185767a8f49d03b713434",
        "is_verified": false,
        "line_number": 705
      },
      {
        "type": "Base64 High Entropy String",
        "filename": "web\\pnpm-lock.yaml",
        "hashed_secret": "618a8148c9899b3b6bd69562f235038dc7953718",
        "is_verified": false,
        "line_number": 708
      },
      {
        "type": "Base64 High Entropy String",
        "filename": "web\\pnpm-lock.yaml",
        "hashed_secret": "d28bca59860d99f917aac0022bf69dbee58c2196",
        "is_verified": false,
        "line_number": 711
      },
      {
        "type": "Base64 High Entropy String",
        "filename": "web\\pnpm-lock.yaml",
        "hashed_secret": "a6fcc2f7b9d5f3b4fdc3b6287fdf42c41c83b3e5",
        "is_verified": false,
        "line_number": 716
      },
      {
        "type": "Base64 High Entropy String",
        "filename": "web\\pnpm-lock.yaml",
        "hashed_secret": "dae97ad75bd7dae37c59b0b965441664846878f5",
        "is_verified": false,
        "line_number": 719
      },
      {
        "type": "Base64 High Entropy String",
        "filename": "web\\pnpm-lock.yaml",
        "hashed_secret": "91dcd928f061eb157d1023a9bdc38116d8887fce",
        "is_verified": false,
        "line_number": 726
      },
      {
        "type": "Base64 High Entropy String",
        "filename": "web\\pnpm-lock.yaml",
        "hashed_secret": "7666bddfb72dc245b50101021c8e84c5366abf8f",
        "is_verified": false,
        "line_number": 729
      },
      {
        "type": "Base64 High Entropy String",
        "filename": "web\\pnpm-lock.yaml",
        "hashed_secret": "553d843ab8ea74a05dbcca53a538f7a02b0b341c",
        "is_verified": false,
        "line_number": 740
      },
      {
        "type": "Base64 High Entropy String",
        "filename": "web\\pnpm-lock.yaml",
        "hashed_secret": "edd6a41c31d262e167e38287185f3b8464449ccc",
        "is_verified": false,
        "line_number": 743
      },
      {
        "type": "Base64 High Entropy String",
        "filename": "web\\pnpm-lock.yaml",
        "hashed_secret": "de3e9ce51efcfa19ff42d52e868521357a5720ff",
        "is_verified": false,
        "line_number": 746
      },
      {
        "type": "Base64 High Entropy String",
        "filename": "web\\pnpm-lock.yaml",
        "hashed_secret": "496cb8ead35782d9fd0978725d58be6c6d72dd0d",
        "is_verified": false,
        "line_number": 749
      },
      {
        "type": "Base64 High Entropy String",
        "filename": "web\\pnpm-lock.yaml",
        "hashed_secret": "01db175823b9eefd5919c0af8e287d6b38417020",
        "is_verified": false,
        "line_number": 752
      },
      {
        "type": "Base64 High Entropy String",
        "filename": "web\\pnpm-lock.yaml",
        "hashed_secret": "21e93d6f8359009fe39331d7771f144270e0a676",
        "is_verified": false,
        "line_number": 755
      },
      {
        "type": "Base64 High Entropy String",
        "filename": "web\\pnpm-lock.yaml",
        "hashed_secret": "3a191f0d4d2d36fa52684b7cebc934ce6906490b",
        "is_verified": false,
        "line_number": 758
      },
      {
        "type": "Base64 High Entropy String",
        "filename": "web\\pnpm-lock.yaml",
        "hashed_secret": "80500eeb5e6b27a5f58f0da9fd38e9b37f195370",
        "is_verified": false,
        "line_number": 761
      },
      {
        "type": "Base64 High Entropy String",
        "filename": "web\\pnpm-lock.yaml",
        "hashed_secret": "50aa99df34f038850fc575da53e68d5b16e60884",
        "is_verified": false,
        "line_number": 764
      },
      {
        "type": "Base64 High Entropy String",
        "filename": "web\\pnpm-lock.yaml",
        "hashed_secret": "4badb685573a0e086c5a01a9abbbfccab913122a",
        "is_verified": false,
        "line_number": 767
      },
      {
        "type": "Base64 High Entropy String",
        "filename": "web\\pnpm-lock.yaml",
        "hashed_secret": "744253f533aa4f2884c54f2e075b2886a93d2f18",
        "is_verified": false,
        "line_number": 770
      },
      {
        "type": "Base64 High Entropy String",
        "filename": "web\\pnpm-lock.yaml",
        "hashed_secret": "e2896650f19ff2290840b336c4598c1f1d7e9b94",
        "is_verified": false,
        "line_number": 773
      },
      {
        "type": "Base64 High Entropy String",
        "filename": "web\\pnpm-lock.yaml",
        "hashed_secret": "3382e8f764231f820756d589d494669679fb27e0",
        "is_verified": false,
        "line_number": 776
      },
      {
        "type": "Base64 High Entropy String",
        "filename": "web\\pnpm-lock.yaml",
        "hashed_secret": "23c054a80757cd1e0202ad766a5dd6078357cbe0",
        "is_verified": false,
        "line_number": 779
      },
      {
        "type": "Base64 High Entropy String",
        "filename": "web\\pnpm-lock.yaml",
        "hashed_secret": "7c75f81409f0cfe9590c1d576d8a8a2dcba589b0",
        "is_verified": false,
        "line_number": 782
      },
      {
        "type": "Base64 High Entropy String",
        "filename": "web\\pnpm-lock.yaml",
        "hashed_secret": "7208d57d4edf7dd957684ebae82a5df287570d1b",
        "is_verified": false,
        "line_number": 785
      },
      {
        "type": "Base64 High Entropy String",
        "filename": "web\\pnpm-lock.yaml",
        "hashed_secret": "53a8c5e20035fde0762f2f7b0ce64315a44f9038",
        "is_verified": false,
        "line_number": 788
      },
      {
        "type": "Base64 High Entropy String",
        "filename": "web\\pnpm-lock.yaml",
        "hashed_secret": "5b19712c9ca5f4d6c481ec56a32d836d13179de0",
        "is_verified": false,
        "line_number": 791
      },
      {
        "type": "Base64 High Entropy String",
        "filename": "web\\pnpm-lock.yaml",
        "hashed_secret": "001238ce9900388e7f7760beb89b912dd1cd8f38",
        "is_verified": false,
        "line_number": 794
      },
      {
        "type": "Base64 High Entropy String",
        "filename": "web\\pnpm-lock.yaml",
        "hashed_secret": "9a149891f654012be5293949e75f5a37f0c85591",
        "is_verified": false,
        "line_number": 797
      },
      {
        "type": "Base64 High Entropy String",
        "filename": "web\\pnpm-lock.yaml",
        "hashed_secret": "abc666e848341c9ae743829d35b821c903154cab",
        "is_verified": false,
        "line_number": 800
      },
      {
        "type": "Base64 High Entropy String",
        "filename": "web\\pnpm-lock.yaml",
        "hashed_secret": "1fa8ccc3ceda1d57d5fac28d99639da1405d0a25",
        "is_verified": false,
        "line_number": 805
      },
      {
        "type": "Base64 High Entropy String",
        "filename": "web\\pnpm-lock.yaml",
        "hashed_secret": "d1deeeeee1d401d623ff6a0abf48d1e2d043852d",
        "is_verified": false,
        "line_number": 808
      },
      {
        "type": "Base64 High Entropy String",
        "filename": "web\\pnpm-lock.yaml",
        "hashed_secret": "2873e5c966df6dfd17fe24115dffb94922eba47f",
        "is_verified": false,
        "line_number": 818
      },
      {
        "type": "Base64 High Entropy String",
        "filename": "web\\pnpm-lock.yaml",
        "hashed_secret": "93a67b0731b662c4ac390d7f3a1c730220719cb4",
        "is_verified": false,
        "line_number": 829
      },
      {
        "type": "Base64 High Entropy String",
        "filename": "web\\pnpm-lock.yaml",
        "hashed_secret": "ffd5f205d345840783f3f99bc989812c1d906856",
        "is_verified": false,
        "line_number": 833
      },
      {
        "type": "Base64 High Entropy String",
        "filename": "web\\pnpm-lock.yaml",
        "hashed_secret": "e29efc036f9d34b973d9c2859b11feb491f73a93",
        "is_verified": false,
        "line_number": 837
      },
      {
        "type": "Base64 High Entropy String",
        "filename": "web\\pnpm-lock.yaml",
        "hashed_secret": "e13295b0eee986a5dff6746fe93f60e182c2ec03",
        "is_verified": false,
        "line_number": 840
      },
      {
        "type": "Base64 High Entropy String",
        "filename": "web\\pnpm-lock.yaml",
        "hashed_secret": "35ca90e5fa9b87427a5ff8b3f333a7b7d45fc260",
        "is_verified": false,
        "line_number": 844
      },
      {
        "type": "Base64 High Entropy String",
        "filename": "web\\pnpm-lock.yaml",
        "hashed_secret": "8dbe57e0fb77e02e3c6ce2fea324da52988cc557",
        "is_verified": false,
        "line_number": 848
      },
      {
        "type": "Base64 High Entropy String",
        "filename": "web\\pnpm-lock.yaml",
        "hashed_secret": "d15b82853a984c45aab87399878c98082bac85ba",
        "is_verified": false,
        "line_number": 852
      },
      {
        "type": "Base64 High Entropy String",
        "filename": "web\\pnpm-lock.yaml",
        "hashed_secret": "c48ec3a65b99d02c0ed20187fa5d167008b4722f",
        "is_verified": false,
        "line_number": 856
      },
      {
        "type": "Base64 High Entropy String",
        "filename": "web\\pnpm-lock.yaml",
        "hashed_secret": "1c504c77e2b9f1ea0e1770e65673fd7f8b3f4c8f",
        "is_verified": false,
        "line_number": 860
      },
      {
        "type": "Base64 High Entropy String",
        "filename": "web\\pnpm-lock.yaml",
        "hashed_secret": "599395997c127ee79a03df8cbc9c57d9c5c4b39b",
        "is_verified": false,
        "line_number": 864
      },
      {
        "type": "Base64 High Entropy String",
        "filename": "web\\pnpm-lock.yaml",
        "hashed_secret": "046d997b74254f8477b572793725120dc83b0509",
        "is_verified": false,
        "line_number": 867
      },
      {
        "type": "Base64 High Entropy String",
        "filename": "web\\pnpm-lock.yaml",
        "hashed_secret": "5b7cd7946ca5e56496386ea38016606310bfcf03",
        "is_verified": false,
        "line_number": 870
      },
      {
        "type": "Base64 High Entropy String",
        "filename": "web\\pnpm-lock.yaml",
        "hashed_secret": "0445deb44be67d9973df3ad6d4d78bca844eaa83",
        "is_verified": false,
        "line_number": 873
      },
      {
        "type": "Base64 High Entropy String",
        "filename": "web\\pnpm-lock.yaml",
        "hashed_secret": "3925e5f5f42d87def10100492cd482697f2c8d2f",
        "is_verified": false,
        "line_number": 876
      },
      {
        "type": "Base64 High Entropy String",
        "filename": "web\\pnpm-lock.yaml",
        "hashed_secret": "47247a7452b7c24a2e4e36ceeba1dabeb178028a",
        "is_verified": false,
        "line_number": 879
      },
      {
        "type": "Base64 High Entropy String",
        "filename": "web\\pnpm-lock.yaml",
        "hashed_secret": "65de7f848a07d7a163f99cd97ce54310487c8bee",
        "is_verified": false,
        "line_number": 882
      },
      {
        "type": "Base64 High Entropy String",
        "filename": "web\\pnpm-lock.yaml",
        "hashed_secret": "4cd454d960136b7b4f74cca3c12010ff2ebd7663",
        "is_verified": false,
        "line_number": 885
      },
      {
        "type": "Base64 High Entropy String",
        "filename": "web\\pnpm-lock.yaml",
        "hashed_secret": "9a721f17fda0086c5866354e54c8f33256529a47",
        "is_verified": false,
        "line_number": 889
      },
      {
        "type": "Base64 High Entropy String",
        "filename": "web\\pnpm-lock.yaml",
        "hashed_secret": "9c9385f9db38f12c7b054a1192b423062d0ca8a5",
        "is_verified": false,
        "line_number": 893
      },
      {
        "type": "Base64 High Entropy String",
        "filename": "web\\pnpm-lock.yaml",
        "hashed_secret": "09ce1f68022d542bd4b111b2e648b4261e7ea537",
        "is_verified": false,
        "line_number": 897
      },
      {
        "type": "Base64 High Entropy String",
        "filename": "web\\pnpm-lock.yaml",
        "hashed_secret": "7e0c8e7bebd3b26c7a99961ec3498c0448dcb08d",
        "is_verified": false,
        "line_number": 901
      },
      {
        "type": "Base64 High Entropy String",
        "filename": "web\\pnpm-lock.yaml",
        "hashed_secret": "bc23715592b7602434c2776230d19f43fc479898",
        "is_verified": false,
        "line_number": 905
      },
      {
        "type": "Base64 High Entropy String",
        "filename": "web\\pnpm-lock.yaml",
        "hashed_secret": "0fa396e95b690119dc2b12237947c5443bdbb9d7",
        "is_verified": false,
        "line_number": 909
      },
      {
        "type": "Base64 High Entropy String",
        "filename": "web\\pnpm-lock.yaml",
        "hashed_secret": "1840f9d3dd9242c5a743d0e276d12dc2ac0f1976",
        "is_verified": false,
        "line_number": 913
      },
      {
        "type": "Base64 High Entropy String",
        "filename": "web\\pnpm-lock.yaml",
        "hashed_secret": "299376f11a80e867117b7a61812c555b4f47686c",
        "is_verified": false,
        "line_number": 917
      },
      {
        "type": "Base64 High Entropy String",
        "filename": "web\\pnpm-lock.yaml",
        "hashed_secret": "00428f6e884c4be6756d43a2454741b1c82b391f",
        "is_verified": false,
        "line_number": 921
      },
      {
        "type": "Base64 High Entropy String",
        "filename": "web\\pnpm-lock.yaml",
        "hashed_secret": "4ed49acfbd180533265d2099f3043963c4a24443",
        "is_verified": false,
        "line_number": 924
      },
      {
        "type": "Base64 High Entropy String",
        "filename": "web\\pnpm-lock.yaml",
        "hashed_secret": "428e72f71455a785963f1df5f85c26c6d6ae519b",
        "is_verified": false,
        "line_number": 928
      },
      {
        "type": "Base64 High Entropy String",
        "filename": "web\\pnpm-lock.yaml",
        "hashed_secret": "83307cb75a4a44ba528f4a0aefcec2a8018dc6d8",
        "is_verified": false,
        "line_number": 931
      },
      {
        "type": "Base64 High Entropy String",
        "filename": "web\\pnpm-lock.yaml",
        "hashed_secret": "9a534f94bf4053e545297750250f2f7ddbe4b83b",
        "is_verified": false,
        "line_number": 935
      },
      {
        "type": "Base64 High Entropy String",
        "filename": "web\\pnpm-lock.yaml",
        "hashed_secret": "51e587955a294a8620b868666e05d79ba4d70a0c",
        "is_verified": false,
        "line_number": 939
      },
      {
        "type": "Base64 High Entropy String",
        "filename": "web\\pnpm-lock.yaml",
        "hashed_secret": "98da97093cff2b0693b2f8ccc5b7e74758ae9f3e",
        "is_verified": false,
        "line_number": 943
      },
      {
        "type": "Base64 High Entropy String",
        "filename": "web\\pnpm-lock.yaml",
        "hashed_secret": "dfec080d16b3086bb7e4ed2216c5dac67d834e15",
        "is_verified": false,
        "line_number": 946
      },
      {
        "type": "Base64 High Entropy String",
        "filename": "web\\pnpm-lock.yaml",
        "hashed_secret": "08c8ee0987f57add8cd4071488caef8ec431336a",
        "is_verified": false,
        "line_number": 949
      },
      {
        "type": "Base64 High Entropy String",
        "filename": "web\\pnpm-lock.yaml",
        "hashed_secret": "3398783d9a2d28dfe6e545f84575be5c4f5898eb",
        "is_verified": false,
        "line_number": 952
      },
      {
        "type": "Base64 High Entropy String",
        "filename": "web\\pnpm-lock.yaml",
        "hashed_secret": "0be09dcb2d7e48e38cd4b3bce0788a7a5e8497a1",
        "is_verified": false,
        "line_number": 956
      },
      {
        "type": "Base64 High Entropy String",
        "filename": "web\\pnpm-lock.yaml",
        "hashed_secret": "862951cd71d0412b5e52bae3e952725486a655b0",
        "is_verified": false,
        "line_number": 960
      },
      {
        "type": "Base64 High Entropy String",
        "filename": "web\\pnpm-lock.yaml",
        "hashed_secret": "3752b70c2c4391586cfb164832e45682b1ecfc22",
        "is_verified": false,
        "line_number": 964
      },
      {
        "type": "Base64 High Entropy String",
        "filename": "web\\pnpm-lock.yaml",
        "hashed_secret": "a35cbc541c025ba5ccef5ca780a743f94848a218",
        "is_verified": false,
        "line_number": 968
      },
      {
        "type": "Base64 High Entropy String",
        "filename": "web\\pnpm-lock.yaml",
        "hashed_secret": "1259773a720ff6c462f3fff70a0881f503563c9e",
        "is_verified": false,
        "line_number": 971
      },
      {
        "type": "Base64 High Entropy String",
        "filename": "web\\pnpm-lock.yaml",
        "hashed_secret": "d45062677e99f28b9a98f4b53e9af8f56b01bb10",
        "is_verified": false,
        "line_number": 975
      },
      {
        "type": "Base64 High Entropy String",
        "filename": "web\\pnpm-lock.yaml",
        "hashed_secret": "cf3e48f5af3fca6bb9135acdee135247bcae1307",
        "is_verified": false,
        "line_number": 984
      },
      {
        "type": "Base64 High Entropy String",
        "filename": "web\\pnpm-lock.yaml",
        "hashed_secret": "7a78a230e254560f9f64b9ed8674934974f3f0a2",
        "is_verified": false,
        "line_number": 987
      },
      {
        "type": "Base64 High Entropy String",
        "filename": "web\\pnpm-lock.yaml",
        "hashed_secret": "aa06dec50d17927562e6f85010b18589a268fb68",
        "is_verified": false,
        "line_number": 991
      },
      {
        "type": "Base64 High Entropy String",
        "filename": "web\\pnpm-lock.yaml",
        "hashed_secret": "d4c5f43f00c0c8df123ef0e807b38e19868390bc",
        "is_verified": false,
        "line_number": 995
      },
      {
        "type": "Base64 High Entropy String",
        "filename": "web\\pnpm-lock.yaml",
        "hashed_secret": "6263b491d8e05bc0d6bc8b232c3a06044db2232c",
        "is_verified": false,
        "line_number": 999
      },
      {
        "type": "Base64 High Entropy String",
        "filename": "web\\pnpm-lock.yaml",
        "hashed_secret": "bef68af5091abf3bd912b28fd2f8b438426dd79d",
        "is_verified": false,
        "line_number": 1003
      },
      {
        "type": "Base64 High Entropy String",
        "filename": "web\\pnpm-lock.yaml",
        "hashed_secret": "79119667cecad09809c34832b1f2b650b5ccded7",
        "is_verified": false,
        "line_number": 1007
      },
      {
        "type": "Base64 High Entropy String",
        "filename": "web\\pnpm-lock.yaml",
        "hashed_secret": "da3e732bacfbc1b6e5ac2ec23fd153c53622b4bf",
        "is_verified": false,
        "line_number": 1011
      },
      {
        "type": "Base64 High Entropy String",
        "filename": "web\\pnpm-lock.yaml",
        "hashed_secret": "f20b3219c5203a9f77536e21e9a8c2188c488938",
        "is_verified": false,
        "line_number": 1014
      },
      {
        "type": "Base64 High Entropy String",
        "filename": "web\\pnpm-lock.yaml",
        "hashed_secret": "bedb2ecaf027607fac6d4c72d9b81bad23396285",
        "is_verified": false,
        "line_number": 1019
      },
      {
        "type": "Base64 High Entropy String",
        "filename": "web\\pnpm-lock.yaml",
        "hashed_secret": "fc7b2f07f919c3f8e20aa78a1756d2bcca252fb9",
        "is_verified": false,
        "line_number": 1022
      },
      {
        "type": "Base64 High Entropy String",
        "filename": "web\\pnpm-lock.yaml",
        "hashed_secret": "b3e321bc2eec51aaeb743b17220649f3d43443bf",
        "is_verified": false,
        "line_number": 1025
      },
      {
        "type": "Base64 High Entropy String",
        "filename": "web\\pnpm-lock.yaml",
        "hashed_secret": "ddf74cb59d2a235813761b59a634ebb9d527a9a3",
        "is_verified": false,
        "line_number": 1028
      },
      {
        "type": "Base64 High Entropy String",
        "filename": "web\\pnpm-lock.yaml",
        "hashed_secret": "4dbd764aef0abb1805f47f0a24fecf90f95da0d9",
        "is_verified": false,
        "line_number": 1032
      },
      {
        "type": "Base64 High Entropy String",
        "filename": "web\\pnpm-lock.yaml",
        "hashed_secret": "06b624999b2da9d4a43fbab83803a6e237d87b1b",
        "is_verified": false,
        "line_number": 1036
      },
      {
        "type": "Base64 High Entropy String",
        "filename": "web\\pnpm-lock.yaml",
        "hashed_secret": "4ce7c15280c45a3415db8c2feac1ee0ced1554ac",
        "is_verified": false,
        "line_number": 1040
      },
      {
        "type": "Base64 High Entropy String",
        "filename": "web\\pnpm-lock.yaml",
        "hashed_secret": "6d1db030d72c8b03fd95eaeb0266255402f70df5",
        "is_verified": false,
        "line_number": 1043
      },
      {
        "type": "Base64 High Entropy String",
        "filename": "web\\pnpm-lock.yaml",
        "hashed_secret": "cf75ddffbc923b32123e91e069fbcb97ac39c4d9",
        "is_verified": false,
        "line_number": 1047
      },
      {
        "type": "Base64 High Entropy String",
        "filename": "web\\pnpm-lock.yaml",
        "hashed_secret": "d3bc9e85ef73bc81be3c9767f7c26c7600f357c0",
        "is_verified": false,
        "line_number": 1051
      },
      {
        "type": "Base64 High Entropy String",
        "filename": "web\\pnpm-lock.yaml",
        "hashed_secret": "3a5216756ea514ee529bd716ec9b6abb95caae43",
        "is_verified": false,
        "line_number": 1054
      },
      {
        "type": "Base64 High Entropy String",
        "filename": "web\\pnpm-lock.yaml",
        "hashed_secret": "e28508e3ee2cfadee43ef9cfb9bb3b5d5d8ef5af",
        "is_verified": false,
        "line_number": 1058
      },
      {
        "type": "Base64 High Entropy String",
        "filename": "web\\pnpm-lock.yaml",
        "hashed_secret": "cbb8fb76b990d8446d25ab018ab469f5340677af",
        "is_verified": false,
        "line_number": 1062
      },
      {
        "type": "Base64 High Entropy String",
        "filename": "web\\pnpm-lock.yaml",
        "hashed_secret": "3cb8e7a708267691af8530db673cae1ad0578392",
        "is_verified": false,
        "line_number": 1067
      },
      {
        "type": "Base64 High Entropy String",
        "filename": "web\\pnpm-lock.yaml",
        "hashed_secret": "8ab0d03e8d34c76769e2494c72290c441ebcc749",
        "is_verified": false,
        "line_number": 1071
      },
      {
        "type": "Base64 High Entropy String",
        "filename": "web\\pnpm-lock.yaml",
        "hashed_secret": "763f4272f5426f2cb52dd90f1f6a490a4ce61418",
        "is_verified": false,
        "line_number": 1074
      },
      {
        "type": "Base64 High Entropy String",
        "filename": "web\\pnpm-lock.yaml",
        "hashed_secret": "74b1d988ed59dd5af4b6fce2898f72f10ab4dc16",
        "is_verified": false,
        "line_number": 1077
      },
      {
        "type": "Base64 High Entropy String",
        "filename": "web\\pnpm-lock.yaml",
        "hashed_secret": "1dbc44acb2c588155287666a0bf636031ad034e1",
        "is_verified": false,
        "line_number": 1080
      },
      {
        "type": "Base64 High Entropy String",
        "filename": "web\\pnpm-lock.yaml",
        "hashed_secret": "b58ece1a23c6b414412378abceafd8549e609789",
        "is_verified": false,
        "line_number": 1084
      },
      {
        "type": "Base64 High Entropy String",
        "filename": "web\\pnpm-lock.yaml",
        "hashed_secret": "02031683c4d321f8660ff8b2d0258362940c8a6d",
        "is_verified": false,
        "line_number": 1088
      },
      {
        "type": "Base64 High Entropy String",
        "filename": "web\\pnpm-lock.yaml",
        "hashed_secret": "16fa3bfaeef78e32910c87baf9060e51490d09ad",
        "is_verified": false,
        "line_number": 1091
      },
      {
        "type": "Base64 High Entropy String",
        "filename": "web\\pnpm-lock.yaml",
        "hashed_secret": "7c235e480345a8563b9b7348d8b568bd51bf3814",
        "is_verified": false,
        "line_number": 1100
      },
      {
        "type": "Base64 High Entropy String",
        "filename": "web\\pnpm-lock.yaml",
        "hashed_secret": "7c5e3c6fa20471b4957071b973791e5b70877322",
        "is_verified": false,
        "line_number": 1104
      },
      {
        "type": "Base64 High Entropy String",
        "filename": "web\\pnpm-lock.yaml",
        "hashed_secret": "3aa0faf721de27687f7be4cc9ed4e61c745e6e44",
        "is_verified": false,
        "line_number": 1113
      },
      {
        "type": "Base64 High Entropy String",
        "filename": "web\\pnpm-lock.yaml",
        "hashed_secret": "8a53bd8980a53773480eb281e8d92a405cc047fd",
        "is_verified": false,
        "line_number": 1117
      },
      {
        "type": "Base64 High Entropy String",
        "filename": "web\\pnpm-lock.yaml",
        "hashed_secret": "d950cd8ef510429f57fb282e4a437321ca86158c",
        "is_verified": false,
        "line_number": 1121
      },
      {
        "type": "Base64 High Entropy String",
        "filename": "web\\pnpm-lock.yaml",
        "hashed_secret": "e7f54899a1654525fbfb1d8c3ac44d632f655af1",
        "is_verified": false,
        "line_number": 1126
      },
      {
        "type": "Base64 High Entropy String",
        "filename": "web\\pnpm-lock.yaml",
        "hashed_secret": "184476d985c0d799b82544165cb4d456129f594c",
        "is_verified": false,
        "line_number": 1129
      },
      {
        "type": "Base64 High Entropy String",
        "filename": "web\\pnpm-lock.yaml",
        "hashed_secret": "a848de44c6988252a196abf85c9284ffcb16e972",
        "is_verified": false,
        "line_number": 1133
      },
      {
        "type": "Base64 High Entropy String",
        "filename": "web\\pnpm-lock.yaml",
        "hashed_secret": "4cd3a1b109eb67acf1557141e83880899d18eaea",
        "is_verified": false,
        "line_number": 1137
      },
      {
        "type": "Base64 High Entropy String",
        "filename": "web\\pnpm-lock.yaml",
        "hashed_secret": "5a4d96497ba98531c9c36ced1d043fbd8c535eff",
        "is_verified": false,
        "line_number": 1141
      },
      {
        "type": "Base64 High Entropy String",
        "filename": "web\\pnpm-lock.yaml",
        "hashed_secret": "371ca38e7acde2cb9e7c1a8bea0355722ff047cf",
        "is_verified": false,
        "line_number": 1145
      },
      {
        "type": "Base64 High Entropy String",
        "filename": "web\\pnpm-lock.yaml",
        "hashed_secret": "0874a19c8ad4c9228975a7b93f0f23b5e59dd17c",
        "is_verified": false,
        "line_number": 1149
      },
      {
        "type": "Base64 High Entropy String",
        "filename": "web\\pnpm-lock.yaml",
        "hashed_secret": "979e2a14e4576c62a9748d7466bfa7f4f3a0620d",
        "is_verified": false,
        "line_number": 1154
      },
      {
        "type": "Base64 High Entropy String",
        "filename": "web\\pnpm-lock.yaml",
        "hashed_secret": "d59cf165933716d75da918298295a5e73a31f207",
        "is_verified": false,
        "line_number": 1158
      },
      {
        "type": "Base64 High Entropy String",
        "filename": "web\\pnpm-lock.yaml",
        "hashed_secret": "e63f8a781042330dd04bdf7671d5480f62673015",
        "is_verified": false,
        "line_number": 1163
      },
      {
        "type": "Base64 High Entropy String",
        "filename": "web\\pnpm-lock.yaml",
        "hashed_secret": "0d97c7fe1c124e07eb8bba42a86419c083ba0591",
        "is_verified": false,
        "line_number": 1167
      },
      {
        "type": "Base64 High Entropy String",
        "filename": "web\\pnpm-lock.yaml",
        "hashed_secret": "e07f2c68e0fe6abfac19da4e9dd0c81669de7078",
        "is_verified": false,
        "line_number": 1171
      },
      {
        "type": "Base64 High Entropy String",
        "filename": "web\\pnpm-lock.yaml",
        "hashed_secret": "b2cf47f1b9fba7e27a7f8d660b18e6b5f44b96c3",
        "is_verified": false,
        "line_number": 1175
      },
      {
        "type": "Base64 High Entropy String",
        "filename": "web\\pnpm-lock.yaml",
        "hashed_secret": "a8909367fbd1eee65067aa5dd0a7c10fd07f6d86",
        "is_verified": false,
        "line_number": 1179
      },
      {
        "type": "Base64 High Entropy String",
        "filename": "web\\pnpm-lock.yaml",
        "hashed_secret": "0d96d45dd8e09cb4633cd3318f47162fc2257667",
        "is_verified": false,
        "line_number": 1182
      },
      {
        "type": "Base64 High Entropy String",
        "filename": "web\\pnpm-lock.yaml",
        "hashed_secret": "0241dd52475ab188ce018daeb5a9d81a457b08b5",
        "is_verified": false,
        "line_number": 1186
      },
      {
        "type": "Base64 High Entropy String",
        "filename": "web\\pnpm-lock.yaml",
        "hashed_secret": "95bbece0a62e7912ea58ca14b18a1579347949c7",
        "is_verified": false,
        "line_number": 1190
      },
      {
        "type": "Base64 High Entropy String",
        "filename": "web\\pnpm-lock.yaml",
        "hashed_secret": "f1ac10cceb66eae06a957162ed1c39f18f017ee5",
        "is_verified": false,
        "line_number": 1195
      },
      {
        "type": "Base64 High Entropy String",
        "filename": "web\\pnpm-lock.yaml",
        "hashed_secret": "3e0e69fc20064535d7eda17ef7ed449494f6f8bf",
        "is_verified": false,
        "line_number": 1199
      },
      {
        "type": "Base64 High Entropy String",
        "filename": "web\\pnpm-lock.yaml",
        "hashed_secret": "d14a07192e7cdf626babe10cf8e6be2140b62b41",
        "is_verified": false,
        "line_number": 1202
      },
      {
        "type": "Base64 High Entropy String",
        "filename": "web\\pnpm-lock.yaml",
        "hashed_secret": "28b39ec24e3005969658899da8df00018ced10cf",
        "is_verified": false,
        "line_number": 1205
      },
      {
        "type": "Base64 High Entropy String",
        "filename": "web\\pnpm-lock.yaml",
        "hashed_secret": "8c6920e09f84889cd2b43fe18506a2188726015d",
        "is_verified": false,
        "line_number": 1208
      },
      {
        "type": "Base64 High Entropy String",
        "filename": "web\\pnpm-lock.yaml",
        "hashed_secret": "e9ce08fb0922eb7b6fd8078a79f948726b9b756e",
        "is_verified": false,
        "line_number": 1213
      },
      {
        "type": "Base64 High Entropy String",
        "filename": "web\\pnpm-lock.yaml",
        "hashed_secret": "d5ec021cbb92c3486e38fac176f4f59a6c1d92e8",
        "is_verified": false,
        "line_number": 1217
      },
      {
        "type": "Base64 High Entropy String",
        "filename": "web\\pnpm-lock.yaml",
        "hashed_secret": "08a356a135545721dadf132169454b7b8b7cd539",
        "is_verified": false,
        "line_number": 1221
      },
      {
        "type": "Base64 High Entropy String",
        "filename": "web\\pnpm-lock.yaml",
        "hashed_secret": "0168f03d6f1748d5d7ae624a93f711333b69d01c",
        "is_verified": false,
        "line_number": 1225
      },
      {
        "type": "Base64 High Entropy String",
        "filename": "web\\pnpm-lock.yaml",
        "hashed_secret": "c1db1a9d780becc40ba600d0e33679ede9d707ef",
        "is_verified": false,
        "line_number": 1229
      },
      {
        "type": "Base64 High Entropy String",
        "filename": "web\\pnpm-lock.yaml",
        "hashed_secret": "796c31758bc4ac260f599a32049dd03cc7019635",
        "is_verified": false,
        "line_number": 1233
      },
      {
        "type": "Base64 High Entropy String",
        "filename": "web\\pnpm-lock.yaml",
        "hashed_secret": "8f95bdf43361cffe6720264f402b5636239f6367",
        "is_verified": false,
        "line_number": 1238
      },
      {
        "type": "Base64 High Entropy String",
        "filename": "web\\pnpm-lock.yaml",
        "hashed_secret": "e907e408e8ac716a2dc03c3a56283b57e5bb5c73",
        "is_verified": false,
        "line_number": 1242
      },
      {
        "type": "Base64 High Entropy String",
        "filename": "web\\pnpm-lock.yaml",
        "hashed_secret": "3dea263d5cf88038c47742837a341eab28baca31",
        "is_verified": false,
        "line_number": 1245
      },
      {
        "type": "Base64 High Entropy String",
        "filename": "web\\pnpm-lock.yaml",
        "hashed_secret": "037794ab9a70e1e7335e91623d60e1c3b7f1b8d4",
        "is_verified": false,
        "line_number": 1249
      },
      {
        "type": "Base64 High Entropy String",
        "filename": "web\\pnpm-lock.yaml",
        "hashed_secret": "4e5e279b264f80f6302507f3bc02028118a5381f",
        "is_verified": false,
        "line_number": 1253
      },
      {
        "type": "Base64 High Entropy String",
        "filename": "web\\pnpm-lock.yaml",
        "hashed_secret": "f8e1856295ecbf3d0c5b858e3d6fb63209e97f03",
        "is_verified": false,
        "line_number": 1256
      },
      {
        "type": "Base64 High Entropy String",
        "filename": "web\\pnpm-lock.yaml",
        "hashed_secret": "2383b4b5145bad1dd02c642f6961445a86cf27fe",
        "is_verified": false,
        "line_number": 1259
      },
      {
        "type": "Base64 High Entropy String",
        "filename": "web\\pnpm-lock.yaml",
        "hashed_secret": "098a505ac7cde6bd25dec3a115728a7f5efd9dad",
        "is_verified": false,
        "line_number": 1264
      },
      {
        "type": "Base64 High Entropy String",
        "filename": "web\\pnpm-lock.yaml",
        "hashed_secret": "5856bd4cb3a23981807d6e537408344c13ffaada",
        "is_verified": false,
        "line_number": 1267
      },
      {
        "type": "Base64 High Entropy String",
        "filename": "web\\pnpm-lock.yaml",
        "hashed_secret": "72e598c7923f1fce1137d72e26f9c6bcb1659f3c",
        "is_verified": false,
        "line_number": 1270
      },
      {
        "type": "Base64 High Entropy String",
        "filename": "web\\pnpm-lock.yaml",
        "hashed_secret": "a38b32005305ff20174b03ddb42d76d3ef9cd7cb",
        "is_verified": false,
        "line_number": 1279
      },
      {
        "type": "Base64 High Entropy String",
        "filename": "web\\pnpm-lock.yaml",
        "hashed_secret": "88d5de50147c0a55cf86a9c79b0002573f21febe",
        "is_verified": false,
        "line_number": 1282
      },
      {
        "type": "Base64 High Entropy String",
        "filename": "web\\pnpm-lock.yaml",
        "hashed_secret": "ecca8c8ee1920fbd6387220767bdecf3635a3741",
        "is_verified": false,
        "line_number": 1287
      },
      {
        "type": "Base64 High Entropy String",
        "filename": "web\\pnpm-lock.yaml",
        "hashed_secret": "b48b7cde42a2442c78c359b776b516d8127006c6",
        "is_verified": false,
        "line_number": 1293
      },
      {
        "type": "Base64 High Entropy String",
        "filename": "web\\pnpm-lock.yaml",
        "hashed_secret": "2fb4be4f309d24f5064ac5496b8c7f59df0bf966",
        "is_verified": false,
        "line_number": 1299
      },
      {
        "type": "Base64 High Entropy String",
        "filename": "web\\pnpm-lock.yaml",
        "hashed_secret": "b6acf38d09475b54b197ff0574abc4a7e86c3543",
        "is_verified": false,
        "line_number": 1305
      },
      {
        "type": "Base64 High Entropy String",
        "filename": "web\\pnpm-lock.yaml",
        "hashed_secret": "405ac79c3832190ec6bd61bce50e9390a026af72",
        "is_verified": false,
        "line_number": 1311
      },
      {
        "type": "Base64 High Entropy String",
        "filename": "web\\pnpm-lock.yaml",
        "hashed_secret": "5f3d1367a38ac4e76290f44b6dc26d3555bbabf5",
        "is_verified": false,
        "line_number": 1317
      },
      {
        "type": "Base64 High Entropy String",
        "filename": "web\\pnpm-lock.yaml",
        "hashed_secret": "d86912fe91c497e31a4344f459a68586ce096966",
        "is_verified": false,
        "line_number": 1324
      },
      {
        "type": "Base64 High Entropy String",
        "filename": "web\\pnpm-lock.yaml",
        "hashed_secret": "1509ab36ebf61526ec42f40016db32b0925e96bc",
        "is_verified": false,
        "line_number": 1331
      },
      {
        "type": "Base64 High Entropy String",
        "filename": "web\\pnpm-lock.yaml",
        "hashed_secret": "2139b734b30d5642cf104ea814b455bf3f08ca4c",
        "is_verified": false,
        "line_number": 1338
      },
      {
        "type": "Base64 High Entropy String",
        "filename": "web\\pnpm-lock.yaml",
        "hashed_secret": "ef73b9a0b786d2e003921cc9967a0a7cd6ae1913",
        "is_verified": false,
        "line_number": 1345
      },
      {
        "type": "Base64 High Entropy String",
        "filename": "web\\pnpm-lock.yaml",
        "hashed_secret": "2ffc317e2ecc11d98e3e05bf565c6575c4cbfd51",
        "is_verified": false,
        "line_number": 1351
      },
      {
        "type": "Base64 High Entropy String",
        "filename": "web\\pnpm-lock.yaml",
        "hashed_secret": "432730c731e24c084f98525d5e133e358dc47b2f",
        "is_verified": false,
        "line_number": 1357
      },
      {
        "type": "Base64 High Entropy String",
        "filename": "web\\pnpm-lock.yaml",
        "hashed_secret": "1e94f147d0d24999498d3527047accfcd7cd2402",
        "is_verified": false,
        "line_number": 1361
      },
      {
        "type": "Base64 High Entropy String",
        "filename": "web\\pnpm-lock.yaml",
        "hashed_secret": "4d7e758d35876caed0d303579278976837d29460",
        "is_verified": false,
        "line_number": 1364
      },
      {
        "type": "Base64 High Entropy String",
        "filename": "web\\pnpm-lock.yaml",
        "hashed_secret": "6f29482e898835e8657fe7aac3afbdcc98f6e4ed",
        "is_verified": false,
        "line_number": 1369
      },
      {
        "type": "Base64 High Entropy String",
        "filename": "web\\pnpm-lock.yaml",
        "hashed_secret": "2cb277435cb97d4859d0d0ae4d891a9f3cd17bef",
        "is_verified": false,
        "line_number": 1373
      },
      {
        "type": "Base64 High Entropy String",
        "filename": "web\\pnpm-lock.yaml",
        "hashed_secret": "0c5af2fb426332112bb114018a4e0399f8ca0b87",
        "is_verified": false,
        "line_number": 1376
      },
      {
        "type": "Base64 High Entropy String",
        "filename": "web\\pnpm-lock.yaml",
        "hashed_secret": "87aff3c6c2e4719c7c068c625dc5c6bb833ab411",
        "is_verified": false,
        "line_number": 1380
      },
      {
        "type": "Base64 High Entropy String",
        "filename": "web\\pnpm-lock.yaml",
        "hashed_secret": "63d30aed59bb73a9e15ad6f56031fb19340007ba",
        "is_verified": false,
        "line_number": 1383
      },
      {
        "type": "Base64 High Entropy String",
        "filename": "web\\pnpm-lock.yaml",
        "hashed_secret": "1e2228f0d8e0fc2bc3b8740a8ff3d287006b9a38",
        "is_verified": false,
        "line_number": 1387
      },
      {
        "type": "Base64 High Entropy String",
        "filename": "web\\pnpm-lock.yaml",
        "hashed_secret": "87ae5db459dbd9fe4157473b016ae5ff5ef0f4ed",
        "is_verified": false,
        "line_number": 1390
      },
      {
        "type": "Base64 High Entropy String",
        "filename": "web\\pnpm-lock.yaml",
        "hashed_secret": "8e193ad7099ffd82fbb600c11c8e057de00db18a",
        "is_verified": false,
        "line_number": 1394
      },
      {
        "type": "Base64 High Entropy String",
        "filename": "web\\pnpm-lock.yaml",
        "hashed_secret": "73f99321c1d31c19b059d58bf503320edb5ca0b8",
        "is_verified": false,
        "line_number": 1397
      },
      {
        "type": "Base64 High Entropy String",
        "filename": "web\\pnpm-lock.yaml",
        "hashed_secret": "81a165cc6dfc1c5b2a498fefdd6a0774232063b9",
        "is_verified": false,
        "line_number": 1401
      },
      {
        "type": "Base64 High Entropy String",
        "filename": "web\\pnpm-lock.yaml",
        "hashed_secret": "838abb1331a160bdd441c25a2a2d44332ee8694b",
        "is_verified": false,
        "line_number": 1405
      },
      {
        "type": "Base64 High Entropy String",
        "filename": "web\\pnpm-lock.yaml",
        "hashed_secret": "e6525dbd438fc8858b0d56c59d164f403792ba1e",
        "is_verified": false,
        "line_number": 1409
      },
      {
        "type": "Base64 High Entropy String",
        "filename": "web\\pnpm-lock.yaml",
        "hashed_secret": "abb99044ff3c205878969cf6238197f65ebb1193",
        "is_verified": false,
        "line_number": 1413
      },
      {
        "type": "Base64 High Entropy String",
        "filename": "web\\pnpm-lock.yaml",
        "hashed_secret": "daf34481e73c91f0888018c377e845f49be248bc",
        "is_verified": false,
        "line_number": 1417
      },
      {
        "type": "Base64 High Entropy String",
        "filename": "web\\pnpm-lock.yaml",
        "hashed_secret": "57b5925354dfce2fb9bdfcd1911e235f66884ac4",
        "is_verified": false,
        "line_number": 1420
      },
      {
        "type": "Base64 High Entropy String",
        "filename": "web\\pnpm-lock.yaml",
        "hashed_secret": "e7142097a5cce8cfe60e9c080b88bbbeb28f2a7a",
        "is_verified": false,
        "line_number": 1424
      },
      {
        "type": "Base64 High Entropy String",
        "filename": "web\\pnpm-lock.yaml",
        "hashed_secret": "143743528e3b9b96aaf60f7aec6c318be5e54a99",
        "is_verified": false,
        "line_number": 1428
      },
      {
        "type": "Base64 High Entropy String",
        "filename": "web\\pnpm-lock.yaml",
        "hashed_secret": "74a827e9b9b7a4b87b439d600bd6dd4ce587e80a",
        "is_verified": false,
        "line_number": 1431
      },
      {
        "type": "Base64 High Entropy String",
        "filename": "web\\pnpm-lock.yaml",
        "hashed_secret": "805d9656080308c11cde7cb7f0310e12c7e60c48",
        "is_verified": false,
        "line_number": 1436
      },
      {
        "type": "Base64 High Entropy String",
        "filename": "web\\pnpm-lock.yaml",
        "hashed_secret": "bc1bf7be86bc24254890e67e8bfe292668174f15",
        "is_verified": false,
        "line_number": 1439
      },
      {
        "type": "Base64 High Entropy String",
        "filename": "web\\pnpm-lock.yaml",
        "hashed_secret": "fd0327918db3e2ff3eb2967ca6b971fdbb6a676c",
        "is_verified": false,
        "line_number": 1442
      },
      {
        "type": "Base64 High Entropy String",
        "filename": "web\\pnpm-lock.yaml",
        "hashed_secret": "ca847739669d4b90a20b4013878a4110acf23760",
        "is_verified": false,
        "line_number": 1447
      },
      {
        "type": "Base64 High Entropy String",
        "filename": "web\\pnpm-lock.yaml",
        "hashed_secret": "88e7494486ce92f906d58a99407a01ca7a79dfc5",
        "is_verified": false,
        "line_number": 1452
      },
      {
        "type": "Base64 High Entropy String",
        "filename": "web\\pnpm-lock.yaml",
        "hashed_secret": "f919cefce72278c96d5c9618afcd94552f6e6721",
        "is_verified": false,
        "line_number": 1456
      },
      {
        "type": "Base64 High Entropy String",
        "filename": "web\\pnpm-lock.yaml",
        "hashed_secret": "ac94990a9ae2a54dde0d1ac175b85141ffde1472",
        "is_verified": false,
        "line_number": 1460
      },
      {
        "type": "Base64 High Entropy String",
        "filename": "web\\pnpm-lock.yaml",
        "hashed_secret": "55159cc007aeaf5fbf0746c70b85d9ddc16db6dd",
        "is_verified": false,
        "line_number": 1464
      },
      {
        "type": "Base64 High Entropy String",
        "filename": "web\\pnpm-lock.yaml",
        "hashed_secret": "139323d71483de0860981200fb39673681ab2ef2",
        "is_verified": false,
        "line_number": 1467
      },
      {
        "type": "Base64 High Entropy String",
        "filename": "web\\pnpm-lock.yaml",
        "hashed_secret": "d9efbdf71c548a000ac469ddb800a566a21d9824",
        "is_verified": false,
        "line_number": 1471
      },
      {
        "type": "Base64 High Entropy String",
        "filename": "web\\pnpm-lock.yaml",
        "hashed_secret": "f90f85b184e7d9bf4f0cb27955a9062675a414a5",
        "is_verified": false,
        "line_number": 1475
      },
      {
        "type": "Base64 High Entropy String",
        "filename": "web\\pnpm-lock.yaml",
        "hashed_secret": "118da7f2017dc1aed30903ed0b2e103e544c9f8a",
        "is_verified": false,
        "line_number": 1478
      },
      {
        "type": "Base64 High Entropy String",
        "filename": "web\\pnpm-lock.yaml",
        "hashed_secret": "61ff5c8a702d8ffe28063c06487a3a5a0db2ed70",
        "is_verified": false,
        "line_number": 1481
      },
      {
        "type": "Base64 High Entropy String",
        "filename": "web\\pnpm-lock.yaml",
        "hashed_secret": "6942521514db424f66a46a086146c8d65db76a9c",
        "is_verified": false,
        "line_number": 1485
      },
      {
        "type": "Base64 High Entropy String",
        "filename": "web\\pnpm-lock.yaml",
        "hashed_secret": "b3535a5defc70dbd440e104c8ed5aac37b8a6ca3",
        "is_verified": false,
        "line_number": 1489
      },
      {
        "type": "Base64 High Entropy String",
        "filename": "web\\pnpm-lock.yaml",
        "hashed_secret": "9235bcf425e49c5749d9f52ed67b13717efda795",
        "is_verified": false,
        "line_number": 1493
      },
      {
        "type": "Base64 High Entropy String",
        "filename": "web\\pnpm-lock.yaml",
        "hashed_secret": "8101434243b95c06fd7ba449d59665e0b4742bcc",
        "is_verified": false,
        "line_number": 1496
      },
      {
        "type": "Base64 High Entropy String",
        "filename": "web\\pnpm-lock.yaml",
        "hashed_secret": "4439cc784aca22e5cdf33ed6656f5b8b99eaa44d",
        "is_verified": false,
        "line_number": 1499
      },
      {
        "type": "Base64 High Entropy String",
        "filename": "web\\pnpm-lock.yaml",
        "hashed_secret": "3bae03646f3110a32c0d619e0c5fb4a15d624dfb",
        "is_verified": false,
        "line_number": 1502
      },
      {
        "type": "Base64 High Entropy String",
        "filename": "web\\pnpm-lock.yaml",
        "hashed_secret": "84cbfec871cf2b178ab90fcc1f442fa369e99a02",
        "is_verified": false,
        "line_number": 1506
      },
      {
        "type": "Base64 High Entropy String",
        "filename": "web\\pnpm-lock.yaml",
        "hashed_secret": "7876829e3d7efe55c2ad5f549eccd016f77dce06",
        "is_verified": false,
        "line_number": 1510
      },
      {
        "type": "Base64 High Entropy String",
        "filename": "web\\pnpm-lock.yaml",
        "hashed_secret": "d2dd9ebda8816cd5b1410beaed68e727087e0005",
        "is_verified": false,
        "line_number": 1519
      },
      {
        "type": "Base64 High Entropy String",
        "filename": "web\\pnpm-lock.yaml",
        "hashed_secret": "7ca5649e5198315dc4e44f7416d528e4f23d7e4c",
        "is_verified": false,
        "line_number": 1523
      },
      {
        "type": "Base64 High Entropy String",
        "filename": "web\\pnpm-lock.yaml",
        "hashed_secret": "930e2ac704e75d4b84ddb3c84e055b28628345df",
        "is_verified": false,
        "line_number": 1527
      },
      {
        "type": "Base64 High Entropy String",
        "filename": "web\\pnpm-lock.yaml",
        "hashed_secret": "9169d358ed83870aab922438678a11394c7d8ab9",
        "is_verified": false,
        "line_number": 1530
      },
      {
        "type": "Base64 High Entropy String",
        "filename": "web\\pnpm-lock.yaml",
        "hashed_secret": "e119fa58703ede615f4b978afce0ff9dd25fba93",
        "is_verified": false,
        "line_number": 1534
      },
      {
        "type": "Base64 High Entropy String",
        "filename": "web\\pnpm-lock.yaml",
        "hashed_secret": "17c4dfcbb00dec5ffbc9dcd18a6a9d4da6973b3c",
        "is_verified": false,
        "line_number": 1537
      },
      {
        "type": "Base64 High Entropy String",
        "filename": "web\\pnpm-lock.yaml",
        "hashed_secret": "706884687450108cef742ef7b12010f29167a501",
        "is_verified": false,
        "line_number": 1541
      },
      {
        "type": "Base64 High Entropy String",
        "filename": "web\\pnpm-lock.yaml",
        "hashed_secret": "6c8698ec180cb58d9c2baa683e3a57c1eb18e2f3",
        "is_verified": false,
        "line_number": 1545
      },
      {
        "type": "Base64 High Entropy String",
        "filename": "web\\pnpm-lock.yaml",
        "hashed_secret": "5a485a4915f94231f9dc5b355ddda367442ba450",
        "is_verified": false,
        "line_number": 1548
      },
      {
        "type": "Base64 High Entropy String",
        "filename": "web\\pnpm-lock.yaml",
        "hashed_secret": "41135cd24fce09855f67710faed09efce38cd9fb",
        "is_verified": false,
        "line_number": 1552
      },
      {
        "type": "Base64 High Entropy String",
        "filename": "web\\pnpm-lock.yaml",
        "hashed_secret": "bfb59a5ae276713612fc79718254aab71db0463d",
        "is_verified": false,
        "line_number": 1556
      },
      {
        "type": "Base64 High Entropy String",
        "filename": "web\\pnpm-lock.yaml",
        "hashed_secret": "19a998b1bf7031d19515cd35f049a7a6aa7dd1b3",
        "is_verified": false,
        "line_number": 1560
      },
      {
        "type": "Base64 High Entropy String",
        "filename": "web\\pnpm-lock.yaml",
        "hashed_secret": "ea4d705920dea9e9007f7ffd977007d97d93720a",
        "is_verified": false,
        "line_number": 1564
      },
      {
        "type": "Base64 High Entropy String",
        "filename": "web\\pnpm-lock.yaml",
        "hashed_secret": "d4514c1847f79c302959825775caaf9e7f0041ea",
        "is_verified": false,
        "line_number": 1567
      },
      {
        "type": "Base64 High Entropy String",
        "filename": "web\\pnpm-lock.yaml",
        "hashed_secret": "19d96701a86e6966ba1be87e4a2f45cd41289f77",
        "is_verified": false,
        "line_number": 1572
      },
      {
        "type": "Base64 High Entropy String",
        "filename": "web\\pnpm-lock.yaml",
        "hashed_secret": "9a45585662a0a634eb5a3643cb3461d0f4cb6b51",
        "is_verified": false,
        "line_number": 1585
      },
      {
        "type": "Base64 High Entropy String",
        "filename": "web\\pnpm-lock.yaml",
        "hashed_secret": "7ad52e0c05dba7010fd6b533d670a78a4cddea0c",
        "is_verified": false,
        "line_number": 1590
      },
      {
        "type": "Base64 High Entropy String",
        "filename": "web\\pnpm-lock.yaml",
        "hashed_secret": "dba7a636ef0b7f00cb8c1cfce617db1201444012",
        "is_verified": false,
        "line_number": 1594
      },
      {
        "type": "Base64 High Entropy String",
        "filename": "web\\pnpm-lock.yaml",
        "hashed_secret": "6c8d2de91b8087bf6f18c9b505ec528e2bafb7c4",
        "is_verified": false,
        "line_number": 1597
      },
      {
        "type": "Base64 High Entropy String",
        "filename": "web\\pnpm-lock.yaml",
        "hashed_secret": "2ddb7c065579b434d9d1508bc0c6dcdc4d249f76",
        "is_verified": false,
        "line_number": 1601
      },
      {
        "type": "Base64 High Entropy String",
        "filename": "web\\pnpm-lock.yaml",
        "hashed_secret": "3b7990b0f82bc9bc6c4ec02744f9c02e76aac827",
        "is_verified": false,
        "line_number": 1606
      },
      {
        "type": "Base64 High Entropy String",
        "filename": "web\\pnpm-lock.yaml",
        "hashed_secret": "9072ebcbad57a1ae4256c5ae37c1e7c7ae5325de",
        "is_verified": false,
        "line_number": 1610
      },
      {
        "type": "Base64 High Entropy String",
        "filename": "web\\pnpm-lock.yaml",
        "hashed_secret": "33e224ae0061fa6dc855702e88cad5e948136009",
        "is_verified": false,
        "line_number": 1614
      },
      {
        "type": "Base64 High Entropy String",
        "filename": "web\\pnpm-lock.yaml",
        "hashed_secret": "e0c6ae09dd70fa25056d591ada0ad32df0dfe873",
        "is_verified": false,
        "line_number": 1617
      },
      {
        "type": "Base64 High Entropy String",
        "filename": "web\\pnpm-lock.yaml",
        "hashed_secret": "7ec6b72b431515e3b05d7ec5f5e08b570c0d22a3",
        "is_verified": false,
        "line_number": 1621
      },
      {
        "type": "Base64 High Entropy String",
        "filename": "web\\pnpm-lock.yaml",
        "hashed_secret": "116afdec2b329913bcdf293bb1870bfd47e2ee3a",
        "is_verified": false,
        "line_number": 1625
      },
      {
        "type": "Base64 High Entropy String",
        "filename": "web\\pnpm-lock.yaml",
        "hashed_secret": "336d02c1e7195c5237197b5884304099ab15c6ba",
        "is_verified": false,
        "line_number": 1629
      },
      {
        "type": "Base64 High Entropy String",
        "filename": "web\\pnpm-lock.yaml",
        "hashed_secret": "308dd0513905f3485312dd64353783c7d0c0e72f",
        "is_verified": false,
        "line_number": 1633
      },
      {
        "type": "Base64 High Entropy String",
        "filename": "web\\pnpm-lock.yaml",
        "hashed_secret": "0907c02e85d2e23514a53137c37403b83764b520",
        "is_verified": false,
        "line_number": 1637
      },
      {
        "type": "Base64 High Entropy String",
        "filename": "web\\pnpm-lock.yaml",
        "hashed_secret": "b015b77432bd6d255596af7b2f552d8e8c91a7f7",
        "is_verified": false,
        "line_number": 1641
      },
      {
        "type": "Base64 High Entropy String",
        "filename": "web\\pnpm-lock.yaml",
        "hashed_secret": "c8fac131170b7bd907b0771e52111a64e940b2a5",
        "is_verified": false,
        "line_number": 1644
      },
      {
        "type": "Base64 High Entropy String",
        "filename": "web\\pnpm-lock.yaml",
        "hashed_secret": "a4a038181227633802a86d82f26440209eafe758",
        "is_verified": false,
        "line_number": 1647
      },
      {
        "type": "Base64 High Entropy String",
        "filename": "web\\pnpm-lock.yaml",
        "hashed_secret": "bdaf8b094715fef6fc9d26c411bc0f51e1f4d6bd",
        "is_verified": false,
        "line_number": 1651
      },
      {
        "type": "Base64 High Entropy String",
        "filename": "web\\pnpm-lock.yaml",
        "hashed_secret": "d4f8d980c943fb306089e921db8c8afd41e8a906",
        "is_verified": false,
        "line_number": 1655
      },
      {
        "type": "Base64 High Entropy String",
        "filename": "web\\pnpm-lock.yaml",
        "hashed_secret": "b1c179f98a45a16ae541474f4a1b00bfd13ea1cc",
        "is_verified": false,
        "line_number": 1659
      },
      {
        "type": "Base64 High Entropy String",
        "filename": "web\\pnpm-lock.yaml",
        "hashed_secret": "d4bb56a0c4511064f4dec38fbfe52174dd1208b6",
        "is_verified": false,
        "line_number": 1663
      },
      {
        "type": "Base64 High Entropy String",
        "filename": "web\\pnpm-lock.yaml",
        "hashed_secret": "4c8a960439864672cef22edf28a40c8a3749ed68",
        "is_verified": false,
        "line_number": 1667
      },
      {
        "type": "Base64 High Entropy String",
        "filename": "web\\pnpm-lock.yaml",
        "hashed_secret": "7268ef4cac1850afd5fa09179f14b9ba7945e998",
        "is_verified": false,
        "line_number": 1671
      },
      {
        "type": "Base64 High Entropy String",
        "filename": "web\\pnpm-lock.yaml",
        "hashed_secret": "c233fd44aca4b58dc4ba0e5c116e8278909f6c57",
        "is_verified": false,
        "line_number": 1675
      },
      {
        "type": "Base64 High Entropy String",
        "filename": "web\\pnpm-lock.yaml",
        "hashed_secret": "eeacdd78906304066ade634711edfa3120b26515",
        "is_verified": false,
        "line_number": 1679
      },
      {
        "type": "Base64 High Entropy String",
        "filename": "web\\pnpm-lock.yaml",
        "hashed_secret": "2fbe8ab30e5355ea9d7538aec4d6c869562a0ed8",
        "is_verified": false,
        "line_number": 1682
      },
      {
        "type": "Base64 High Entropy String",
        "filename": "web\\pnpm-lock.yaml",
        "hashed_secret": "c8401648a1024646ca951addc1693d4600512ccc",
        "is_verified": false,
        "line_number": 1685
      },
      {
        "type": "Base64 High Entropy String",
        "filename": "web\\pnpm-lock.yaml",
        "hashed_secret": "d6233dd65dfcbe4d7aaae3262255027e3185f41a",
        "is_verified": false,
        "line_number": 1689
      },
      {
        "type": "Base64 High Entropy String",
        "filename": "web\\pnpm-lock.yaml",
        "hashed_secret": "f0661775df2ce05e6c49ee07d6003c0e831cda30",
        "is_verified": false,
        "line_number": 1693
      },
      {
        "type": "Base64 High Entropy String",
        "filename": "web\\pnpm-lock.yaml",
        "hashed_secret": "b35e4104eb334edd702661ed772932b80e5125ec",
        "is_verified": false,
        "line_number": 1697
      },
      {
        "type": "Base64 High Entropy String",
        "filename": "web\\pnpm-lock.yaml",
        "hashed_secret": "4f395332ff7864b32cc42e04d3f64e9a6f725333",
        "is_verified": false,
        "line_number": 1700
      },
      {
        "type": "Base64 High Entropy String",
        "filename": "web\\pnpm-lock.yaml",
        "hashed_secret": "36a41bfa336a40f390233bcb3edba75b423c0ac5",
        "is_verified": false,
        "line_number": 1704
      },
      {
        "type": "Base64 High Entropy String",
        "filename": "web\\pnpm-lock.yaml",
        "hashed_secret": "bf3e3cda4d110e6f625eae7b1bc8bd5d9e1cd8d5",
        "is_verified": false,
        "line_number": 1708
      },
      {
        "type": "Base64 High Entropy String",
        "filename": "web\\pnpm-lock.yaml",
        "hashed_secret": "d285b26b3ab9fd0767eb725dd5607b8dda63cf6f",
        "is_verified": false,
        "line_number": 1712
      },
      {
        "type": "Base64 High Entropy String",
        "filename": "web\\pnpm-lock.yaml",
        "hashed_secret": "9691425fb4860c3f7cffad55b2efe475fd60fe40",
        "is_verified": false,
        "line_number": 1716
      },
      {
        "type": "Base64 High Entropy String",
        "filename": "web\\pnpm-lock.yaml",
        "hashed_secret": "53fcbfc088413341815d2bf7d825f744770eeb11",
        "is_verified": false,
        "line_number": 1720
      },
      {
        "type": "Base64 High Entropy String",
        "filename": "web\\pnpm-lock.yaml",
        "hashed_secret": "3969f85b5d962866532450c44a911b7724d13ee2",
        "is_verified": false,
        "line_number": 1723
      },
      {
        "type": "Base64 High Entropy String",
        "filename": "web\\pnpm-lock.yaml",
        "hashed_secret": "9bf200e3147a1d837839d6bf5b649716c1537cbb",
        "is_verified": false,
        "line_number": 1727
      },
      {
        "type": "Base64 High Entropy String",
        "filename": "web\\pnpm-lock.yaml",
        "hashed_secret": "80edc1783dd08f516daddb09794ba2461185daa0",
        "is_verified": false,
        "line_number": 1730
      },
      {
        "type": "Base64 High Entropy String",
        "filename": "web\\pnpm-lock.yaml",
        "hashed_secret": "4e65da49f5fe5560a904f41bd2519c712c48c151",
        "is_verified": false,
        "line_number": 1735
      },
      {
        "type": "Base64 High Entropy String",
        "filename": "web\\pnpm-lock.yaml",
        "hashed_secret": "2a3c469cc37ae3286c10371b18113225f36ed78a",
        "is_verified": false,
        "line_number": 1740
      },
      {
        "type": "Base64 High Entropy String",
        "filename": "web\\pnpm-lock.yaml",
        "hashed_secret": "35a6efebe6fef76111b7771c9ed538b1663ccbb0",
        "is_verified": false,
        "line_number": 1743
      },
      {
        "type": "Base64 High Entropy String",
        "filename": "web\\pnpm-lock.yaml",
        "hashed_secret": "b25623adbf2394e6c215be8322cb15f0567f6c1e",
        "is_verified": false,
        "line_number": 1746
      },
      {
        "type": "Base64 High Entropy String",
        "filename": "web\\pnpm-lock.yaml",
        "hashed_secret": "12d1f394f8625eb0086930c2a701c8a85ded97e0",
        "is_verified": false,
        "line_number": 1750
      },
      {
        "type": "Base64 High Entropy String",
        "filename": "web\\pnpm-lock.yaml",
        "hashed_secret": "24baf3b11020a1e4b93ba13ea3ea6cb32d092845",
        "is_verified": false,
        "line_number": 1790
      },
      {
        "type": "Base64 High Entropy String",
        "filename": "web\\pnpm-lock.yaml",
        "hashed_secret": "5036bddc368fd0afa61e395d1f88f21f67424d9b",
        "is_verified": false,
        "line_number": 1831
      },
      {
        "type": "Base64 High Entropy String",
        "filename": "web\\pnpm-lock.yaml",
        "hashed_secret": "3385875b8a9b52f0a71159912f0b215fa37fa0a3",
        "is_verified": false,
        "line_number": 1834
      },
      {
        "type": "Base64 High Entropy String",
        "filename": "web\\pnpm-lock.yaml",
        "hashed_secret": "59acf539da1d25dd50e4d6933b4b6f2283efd10f",
        "is_verified": false,
        "line_number": 1837
      },
      {
        "type": "Base64 High Entropy String",
        "filename": "web\\pnpm-lock.yaml",
        "hashed_secret": "3637aa24eddb5e4cdc5cabc83055ed2f7f35b38e",
        "is_verified": false,
        "line_number": 1843
      },
      {
        "type": "Base64 High Entropy String",
        "filename": "web\\pnpm-lock.yaml",
        "hashed_secret": "e4bd870e6d162fadb2cc848d3fa79482edc628f4",
        "is_verified": false,
        "line_number": 1848
      },
      {
        "type": "Base64 High Entropy String",
        "filename": "web\\pnpm-lock.yaml",
        "hashed_secret": "9980d42a4e4af2c31b900d13f11d9cf48059503e",
        "is_verified": false,
        "line_number": 1854
      },
      {
        "type": "Base64 High Entropy String",
        "filename": "web\\pnpm-lock.yaml",
        "hashed_secret": "5c81cb3bbf077a30ebeea809bdba83483c8d5dd8",
        "is_verified": false,
        "line_number": 1862
      },
      {
        "type": "Base64 High Entropy String",
        "filename": "web\\pnpm-lock.yaml",
        "hashed_secret": "05080d4369a5e3691eccb28e69d6988b360bcd22",
        "is_verified": false,
        "line_number": 1866
      },
      {
        "type": "Base64 High Entropy String",
        "filename": "web\\pnpm-lock.yaml",
        "hashed_secret": "49711ae1bc2cd30a636291104d100a45e2b6efdd",
        "is_verified": false,
        "line_number": 1870
      },
      {
        "type": "Base64 High Entropy String",
        "filename": "web\\pnpm-lock.yaml",
        "hashed_secret": "710e27fa7e2d80bebfa5cb9a0e3e2833021eab40",
        "is_verified": false,
        "line_number": 1874
      },
      {
        "type": "Base64 High Entropy String",
        "filename": "web\\pnpm-lock.yaml",
        "hashed_secret": "a2424039e79b5ea18e0d0b22f78cc7e6624fa4ad",
        "is_verified": false,
        "line_number": 1878
      },
      {
        "type": "Base64 High Entropy String",
        "filename": "web\\pnpm-lock.yaml",
        "hashed_secret": "f0257d02d23f53e799476af74cf0386375d4b6c2",
        "is_verified": false,
        "line_number": 1882
      },
      {
        "type": "Base64 High Entropy String",
        "filename": "web\\pnpm-lock.yaml",
        "hashed_secret": "95b02c02e7cb902e9603042bf77d2ce3b47d7dd1",
        "is_verified": false,
        "line_number": 1887
      },
      {
        "type": "Base64 High Entropy String",
        "filename": "web\\pnpm-lock.yaml",
        "hashed_secret": "d3c413c56b3e214be6b296d78105bfafda5f3d25",
        "is_verified": false,
        "line_number": 1892
      },
      {
        "type": "Base64 High Entropy String",
        "filename": "web\\pnpm-lock.yaml",
        "hashed_secret": "47f61db9968d9147373f9919fb2d39f044af96d4",
        "is_verified": false,
        "line_number": 1896
      },
      {
        "type": "Base64 High Entropy String",
        "filename": "web\\pnpm-lock.yaml",
        "hashed_secret": "c1907fc992b0e961b0c622ff8cd91edc36456c2a",
        "is_verified": false,
        "line_number": 1900
      },
      {
        "type": "Base64 High Entropy String",
        "filename": "web\\pnpm-lock.yaml",
        "hashed_secret": "fd2fe6e278574e377cab7724ad85427eec98f477",
        "is_verified": false,
        "line_number": 1904
      },
      {
        "type": "Base64 High Entropy String",
        "filename": "web\\pnpm-lock.yaml",
        "hashed_secret": "84dda596ef149bb74596521a22453b37de5542ba",
        "is_verified": false,
        "line_number": 1908
      },
      {
        "type": "Base64 High Entropy String",
        "filename": "web\\pnpm-lock.yaml",
        "hashed_secret": "66d1143fba82678e6321e0db5e57977965025030",
        "is_verified": false,
        "line_number": 1920
      },
      {
        "type": "Base64 High Entropy String",
        "filename": "web\\pnpm-lock.yaml",
        "hashed_secret": "60f62b99a14507fe2d275d65d1bc793565396724",
        "is_verified": false,
        "line_number": 1924
      },
      {
        "type": "Base64 High Entropy String",
        "filename": "web\\pnpm-lock.yaml",
        "hashed_secret": "d534a8643166b53f9b72f567856071d026b7d454",
        "is_verified": false,
        "line_number": 1928
      },
      {
        "type": "Base64 High Entropy String",
        "filename": "web\\pnpm-lock.yaml",
        "hashed_secret": "fd979750316587a434d421119fe616d5325ac2fb",
        "is_verified": false,
        "line_number": 1931
      },
      {
        "type": "Base64 High Entropy String",
        "filename": "web\\pnpm-lock.yaml",
        "hashed_secret": "b1c5bb3d100ef21c9490db8bd092037b080716a2",
        "is_verified": false,
        "line_number": 1935
      },
      {
        "type": "Base64 High Entropy String",
        "filename": "web\\pnpm-lock.yaml",
        "hashed_secret": "94afc05e19d3a49a8880bb36200596aed0a105d1",
        "is_verified": false,
        "line_number": 1939
      },
      {
        "type": "Base64 High Entropy String",
        "filename": "web\\pnpm-lock.yaml",
        "hashed_secret": "eda94171b6decd250070e6c7fc57a8752fa30193",
        "is_verified": false,
        "line_number": 1944
      },
      {
        "type": "Base64 High Entropy String",
        "filename": "web\\pnpm-lock.yaml",
        "hashed_secret": "0024da22a77cac1f696f787d497b38fcbb2730c8",
        "is_verified": false,
        "line_number": 1948
      }
    ]
  },
  "generated_at": "2026-07-03T11:55:05Z"
}
